Archive member included because of file (symbol)

contiki-ng-sky.a(node-id.o)   dimmer-dcube.o (node_id)
contiki-ng-sky.a(cc2420.o)    obj_sky/glossy.o (cc2420_set_channel)
contiki-ng-sky.a(cc2420-arch.o)
                              contiki-ng-sky.a(cc2420.o) (cc2420_arch_init)
contiki-ng-sky.a(uart1-putchar.o)
                              obj_sky/contiki-main.o (putchar)
contiki-ng-sky.a(platform.o)  obj_sky/contiki-main.o (platform_init_stage_one)
contiki-ng-sky.a(msp430.o)    contiki-ng-sky.a(platform.o) (msp430_dco_required)
contiki-ng-sky.a(leds.o)      contiki-ng-sky.a(platform.o) (leds_init)
contiki-ng-sky.a(leds-arch.o)
                              contiki-ng-sky.a(leds.o) (leds_arch_init)
contiki-ng-sky.a(watchdog.o)  obj_sky/rtimer-ext.o (watchdog_start)
contiki-ng-sky.a(rtimer-arch.o)
                              obj_sky/glossy.o (rtimer_arch_now)
contiki-ng-sky.a(lwb-stream.o)
                              dimmer-dcube.o (lwb_stream_get_state)
contiki-ng-sky.a(lwb.o)       dimmer-dcube.o (lwb_send_pkt)
contiki-ng-sky.a(dimmer-testbed.)
                              dimmer-dcube.o (init_mapped_node_id)
contiki-ng-sky.a(dimmer.o)    dimmer-dcube.o (dimmer_init)
contiki-ng-sky.a(autostart.o)
                              obj_sky/contiki-main.o (autostart_start)
contiki-ng-sky.a(ctimer.o)    obj_sky/contiki-main.o (ctimer_init)
contiki-ng-sky.a(dc-stat.o)   obj_sky/rtimer-ext.o (dc_stat_isr)
contiki-ng-sky.a(energest.o)  obj_sky/contiki-main.o (energest_init)
contiki-ng-sky.a(etimer.o)    obj_sky/rtimer-ext.o (etimer_request_poll)
contiki-ng-sky.a(log.o)       obj_sky/contiki-main.o (log_lladdr)
contiki-ng-sky.a(process.o)   contiki-ng-sky.a(ctimer.o) (process_current)
contiki-ng-sky.a(rtimer.o)    obj_sky/contiki-main.o (rtimer_init)
contiki-ng-sky.a(timer.o)     contiki-ng-sky.a(platform.o) (timer_set)
contiki-ng-sky.a(debug-print.o)
                              contiki-ng-sky.a(lwb.o) (debug_print_init)
contiki-ng-sky.a(my2c.o)      dimmer-dcube.o (my2c_enable)
contiki-ng-sky.a(serial-line.o)
                              contiki-ng-sky.a(dimmer.o) (serial_line_event_message)
contiki-ng-sky.a(list.o)      contiki-ng-sky.a(ctimer.o) (list_init)
contiki-ng-sky.a(random.o)    contiki-ng-sky.a(platform.o) (random_init)
contiki-ng-sky.a(ringbuf.o)   contiki-ng-sky.a(serial-line.o) (ringbuf_init)
contiki-ng-sky.a(linkaddr.o)  contiki-ng-sky.a(platform.o) (linkaddr_copy)
contiki-ng-sky.a(netstack.o)  obj_sky/contiki-main.o (netstack_init)
contiki-ng-sky.a(packetbuf.o)
                              contiki-ng-sky.a(cc2420.o) (packetbuf_set_datalen)
contiki-ng-sky.a(nullmac.o)   obj_sky/contiki-main.o (nullmac_driver)
contiki-ng-sky.a(nullnet.o)   obj_sky/contiki-main.o (nullnet_driver)
contiki-ng-sky.a(contiki-sky-pla)
                              contiki-ng-sky.a(platform.o) (init_platform)
contiki-ng-sky.a(button-sensor.o)
                              contiki-ng-sky.a(contiki-sky-pla) (button_sensor)
contiki-ng-sky.a(spi-legacy.o)
                              contiki-ng-sky.a(cc2420-arch.o) (spi_init)
contiki-ng-sky.a(ds2411.o)    contiki-ng-sky.a(platform.o) (ds2411_init)
contiki-ng-sky.a(xmem.o)      contiki-ng-sky.a(platform.o) (xmem_init)
contiki-ng-sky.a(sensors.o)   contiki-ng-sky.a(contiki-sky-pla) (sensors_process)
contiki-ng-sky.a(uart1.o)     contiki-ng-sky.a(platform.o) (uart1_active)
contiki-ng-sky.a(lwb-sched-compr)
                              contiki-ng-sky.a(lwb.o) (lwb_sched_uncompress)
contiki-ng-sky.a(lwb-sched-min-e)
                              contiki-ng-sky.a(lwb.o) (lwb_sched_prepare_sack)
contiki-ng-sky.a(dimmer-dqn.o)
                              contiki-ng-sky.a(dimmer.o) (dimmer_dqn_run)
contiki-ng-sky.a(dimmer-exp3.o)
                              contiki-ng-sky.a(dimmer.o) (dimmer_exp3_init)
contiki-ng-sky.a(memb.o)      contiki-ng-sky.a(lwb-sched-min-e) (memb_init)
/usr/local/Cellar/gcc-msp430/4.7.0-20120911_2/lib/gcc/msp430/4.7.0/../../../../msp430/lib/mmpy-16/libm.a(ef_exp.o)
                              contiki-ng-sky.a(dimmer-exp3.o) (expf)
/usr/local/Cellar/gcc-msp430/4.7.0-20120911_2/lib/gcc/msp430/4.7.0/mmpy-16/libgcc.a(_mulsi3.o)
                              obj_sky/glossy.o (__mulsi3)
/usr/local/Cellar/gcc-msp430/4.7.0-20120911_2/lib/gcc/msp430/4.7.0/mmpy-16/libgcc.a(_umulsidi3.o)
                              obj_sky/glossy.o (__umulsidi3)
/usr/local/Cellar/gcc-msp430/4.7.0-20120911_2/lib/gcc/msp430/4.7.0/mmpy-16/libgcc.a(_muldi3.o)
                              contiki-ng-sky.a(lwb.o) (__muldi3)
/usr/local/Cellar/gcc-msp430/4.7.0-20120911_2/lib/gcc/msp430/4.7.0/mmpy-16/libgcc.a(_udivmod16.o)
                              contiki-ng-sky.a(lwb-sched-min-e) (__udivhi3)
/usr/local/Cellar/gcc-msp430/4.7.0-20120911_2/lib/gcc/msp430/4.7.0/mmpy-16/libgcc.a(_divmod16.o)
                              dimmer-dcube.o (__modhi3)
/usr/local/Cellar/gcc-msp430/4.7.0-20120911_2/lib/gcc/msp430/4.7.0/mmpy-16/libgcc.a(_udivmod32.o)
[...]
Memory Configuration

Name             Origin             Length             Attributes
sfr              0x0000000000000000 0x0000000000000010
peripheral_8bit  0x0000000000000010 0x00000000000000f0
peripheral_16bit 0x0000000000000100 0x0000000000000100
ram_mirror       0x0000000000000200 0x0000000000000800 xw
infomem          0x0000000000001000 0x0000000000000100
infob            0x0000000000001000 0x0000000000000080
infoa            0x0000000000001080 0x0000000000000080
ram              0x0000000000001100 0x0000000000002800 xw
rom              0x0000000000004000 0x000000000000bfe0 xr
vectors          0x000000000000ffe0 0x0000000000000020
bsl              0x0000000000000000 0x0000000000000000
infoc            0x0000000000000000 0x0000000000000000
infod            0x0000000000000000 0x0000000000000000
ram2             0x0000000000000000 0x0000000000000000 xw
signature        0x0000000000000000 0x0000000000000000
usbram           0x0000000000000000 0x0000000000000000 xw
far_rom          0x0000000000000000 0x0000000000000000
*default*        0x0000000000000000 0xffffffffffffffff

Linker script and memory map

LOAD /usr/local/Cellar/gcc-msp430/4.7.0-20120911_2/lib/gcc/msp430/4.7.0/mmpy-16/crt0ivtbl16.o
Address of section .testbedConfigSection set to 0xd400
Address of section .rodata set to 0xd500
                0x0000000000002a9a                _stack = _end
LOAD dimmer-dcube.o
LOAD obj_sky/rtimer-ext.o
LOAD obj_sky/glossy.o
LOAD obj_sky/contiki-main.o
LOAD contiki-ng-sky.a
LOAD /usr/local/Cellar/gcc-msp430/4.7.0-20120911_2/lib/gcc/msp430/4.7.0/../../../../msp430/lib/mmpy-16/libm.a
LOAD /usr/local/Cellar/gcc-msp430/4.7.0-20120911_2/lib/gcc/msp430/4.7.0/../../../../msp430/lib/mmpy-16/libm.a
LOAD /usr/local/Cellar/gcc-msp430/4.7.0-20120911_2/lib/gcc/msp430/4.7.0/mmpy-16/libgcc.a
LOAD /usr/local/Cellar/gcc-msp430/4.7.0-20120911_2/lib/gcc/msp430/4.7.0/../../../../msp430/lib/mmpy-16/libc.a
LOAD /usr/local/Cellar/gcc-msp430/4.7.0-20120911_2/lib/gcc/msp430/4.7.0/mmpy-16/libgcc.a
LOAD /usr/local/Cellar/gcc-msp430/4.7.0-20120911_2/lib/gcc/msp430/4.7.0/mmpy-16/libcrt0.a
                0x0000000000000080                PROVIDE (__info_segment_size, 0x80)
                0x0000000000001000                PROVIDE (__infob, 0x1000)
                0x0000000000001080                PROVIDE (__infoa, 0x1080)
                0x0000000000000000                __IE1 = 0x0
                0x0000000000000002                __IFG1 = 0x2
                0x0000000000000004                __ME1 = 0x4
                0x0000000000000001                __IE2 = 0x1
                0x0000000000000003                __IFG2 = 0x3
                0x0000000000000005                __ME2 = 0x5
                0x0000000000000120                __WDTCTL = 0x120
                0x0000000000000130                __MPY = 0x130
                0x0000000000000132                __MPYS = 0x132
                0x0000000000000134                __MAC = 0x134
                0x0000000000000136                __MACS = 0x136
                0x0000000000000138                __OP2 = 0x138
                0x000000000000013a                __RESLO = 0x13a
                0x000000000000013c                __RESHI = 0x13c
                0x000000000000013e                __SUMEXT = 0x13e
                0x0000000000000020                __P1IN = 0x20
                0x0000000000000021                __P1OUT = 0x21
                0x0000000000000022                __P1DIR = 0x22
                0x0000000000000023                __P1IFG = 0x23
                0x0000000000000024                __P1IES = 0x24
                0x0000000000000025                __P1IE = 0x25
                0x0000000000000026                __P1SEL = 0x26
                0x0000000000000028                __P2IN = 0x28
                0x0000000000000029                __P2OUT = 0x29
                0x000000000000002a                __P2DIR = 0x2a
                0x000000000000002b                __P2IFG = 0x2b
                0x000000000000002c                __P2IES = 0x2c
                0x000000000000002d                __P2IE = 0x2d
                0x000000000000002e                __P2SEL = 0x2e
                0x0000000000000018                __P3IN = 0x18
                0x0000000000000019                __P3OUT = 0x19
                0x000000000000001a                __P3DIR = 0x1a
                0x000000000000001b                __P3SEL = 0x1b
                0x000000000000001c                __P4IN = 0x1c
                0x000000000000001d                __P4OUT = 0x1d
                0x000000000000001e                __P4DIR = 0x1e
                0x000000000000001f                __P4SEL = 0x1f
                0x0000000000000030                __P5IN = 0x30
                0x0000000000000031                __P5OUT = 0x31
                0x0000000000000032                __P5DIR = 0x32
                0x0000000000000033                __P5SEL = 0x33
                0x0000000000000034                __P6IN = 0x34
                0x0000000000000035                __P6OUT = 0x35
                0x0000000000000036                __P6DIR = 0x36
                0x0000000000000037                __P6SEL = 0x37
                0x0000000000000070                __U0CTL = 0x70
                0x0000000000000071                __U0TCTL = 0x71
                0x0000000000000072                __U0RCTL = 0x72
                0x0000000000000073                __U0MCTL = 0x73
                0x0000000000000074                __U0BR0 = 0x74
                0x0000000000000075                __U0BR1 = 0x75
                0x0000000000000076                __U0RXBUF = 0x76
                0x0000000000000077                __U0TXBUF = 0x77
                0x0000000000000078                __U1CTL = 0x78
                0x0000000000000079                __U1TCTL = 0x79
                0x000000000000007a                __U1RCTL = 0x7a
                0x000000000000007b                __U1MCTL = 0x7b
                0x000000000000007c                __U1BR0 = 0x7c
                0x000000000000007d                __U1BR1 = 0x7d
                0x000000000000007e                __U1RXBUF = 0x7e
                0x000000000000007f                __U1TXBUF = 0x7f
                0x0000000000000050                __I2CIE = 0x50
                0x0000000000000051                __I2CIFG = 0x51
                0x0000000000000052                __I2CNDAT = 0x52
                0x0000000000000071                __I2CTCTL = 0x71
                0x0000000000000072                __I2CDCTL = 0x72
                0x0000000000000073                __I2CPSC = 0x73
                0x0000000000000074                __I2CSCLH = 0x74
                0x0000000000000075                __I2CSCLL = 0x75
                0x0000000000000076                __I2CDRB = 0x76
                0x0000000000000076                __I2CDRW = 0x76
                0x0000000000000118                __I2COA = 0x118
                0x000000000000011a                __I2CSA = 0x11a
                0x000000000000011c                __I2CIV = 0x11c
                0x000000000000012e                __TAIV = 0x12e
                0x0000000000000160                __TACTL = 0x160
                0x0000000000000162                __TACCTL0 = 0x162
                0x0000000000000164                __TACCTL1 = 0x164
                0x0000000000000166                __TACCTL2 = 0x166
                0x0000000000000170                __TAR = 0x170
                0x0000000000000172                __TACCR0 = 0x172
                0x0000000000000174                __TACCR1 = 0x174
                0x0000000000000176                __TACCR2 = 0x176
                0x000000000000011e                __TBIV = 0x11e
                0x0000000000000180                __TBCTL = 0x180
                0x0000000000000182                __TBCCTL0 = 0x182
                0x0000000000000184                __TBCCTL1 = 0x184
                0x0000000000000186                __TBCCTL2 = 0x186
                0x0000000000000188                __TBCCTL3 = 0x188
                0x000000000000018a                __TBCCTL4 = 0x18a
                0x000000000000018c                __TBCCTL5 = 0x18c
                0x000000000000018e                __TBCCTL6 = 0x18e
                0x0000000000000190                __TBR = 0x190
                0x0000000000000192                __TBCCR0 = 0x192
                0x0000000000000194                __TBCCR1 = 0x194
                0x0000000000000196                __TBCCR2 = 0x196
                0x0000000000000198                __TBCCR3 = 0x198
                0x000000000000019a                __TBCCR4 = 0x19a
                0x000000000000019c                __TBCCR5 = 0x19c
                0x000000000000019e                __TBCCR6 = 0x19e
                0x0000000000000056                __DCOCTL = 0x56
                0x0000000000000057                __BCSCTL1 = 0x57
                0x0000000000000058                __BCSCTL2 = 0x58
                0x0000000000000055                __SVSCTL = 0x55
                0x0000000000000128                __FCTL1 = 0x128
                0x000000000000012a                __FCTL2 = 0x12a
                0x000000000000012c                __FCTL3 = 0x12c
                0x0000000000000059                __CACTL1 = 0x59
                0x000000000000005a                __CACTL2 = 0x5a
                0x000000000000005b                __CAPD = 0x5b
                0x00000000000001a0                __ADC12CTL0 = 0x1a0
                0x00000000000001a2                __ADC12CTL1 = 0x1a2
                0x00000000000001a4                __ADC12IFG = 0x1a4
                0x00000000000001a6                __ADC12IE = 0x1a6
                0x00000000000001a8                __ADC12IV = 0x1a8
                0x0000000000000140                __ADC12MEM0 = 0x140
                0x0000000000000142                __ADC12MEM1 = 0x142
                0x0000000000000144                __ADC12MEM2 = 0x144
                0x0000000000000146                __ADC12MEM3 = 0x146
                0x0000000000000148                __ADC12MEM4 = 0x148
                0x000000000000014a                __ADC12MEM5 = 0x14a
                0x000000000000014c                __ADC12MEM6 = 0x14c
                0x000000000000014e                __ADC12MEM7 = 0x14e
                0x0000000000000150                __ADC12MEM8 = 0x150
                0x0000000000000152                __ADC12MEM9 = 0x152
                0x0000000000000154                __ADC12MEM10 = 0x154
                0x0000000000000156                __ADC12MEM11 = 0x156
                0x0000000000000158                __ADC12MEM12 = 0x158
                0x000000000000015a                __ADC12MEM13 = 0x15a
                0x000000000000015c                __ADC12MEM14 = 0x15c
                0x000000000000015e                __ADC12MEM15 = 0x15e
                0x0000000000000080                __ADC12MCTL0 = 0x80
                0x0000000000000081                __ADC12MCTL1 = 0x81
                0x0000000000000082                __ADC12MCTL2 = 0x82
                0x0000000000000083                __ADC12MCTL3 = 0x83
                0x0000000000000084                __ADC12MCTL4 = 0x84
                0x0000000000000085                __ADC12MCTL5 = 0x85
                0x0000000000000086                __ADC12MCTL6 = 0x86
                0x0000000000000087                __ADC12MCTL7 = 0x87
                0x0000000000000088                __ADC12MCTL8 = 0x88
                0x0000000000000089                __ADC12MCTL9 = 0x89
                0x000000000000008a                __ADC12MCTL10 = 0x8a
                0x000000000000008b                __ADC12MCTL11 = 0x8b
                0x000000000000008c                __ADC12MCTL12 = 0x8c
                0x000000000000008d                __ADC12MCTL13 = 0x8d
                0x000000000000008e                __ADC12MCTL14 = 0x8e
                0x000000000000008f                __ADC12MCTL15 = 0x8f
                0x00000000000001c0                __DAC12_0CTL = 0x1c0
                0x00000000000001c2                __DAC12_1CTL = 0x1c2
                0x00000000000001c8                __DAC12_0DAT = 0x1c8
                0x00000000000001ca                __DAC12_1DAT = 0x1ca
                0x0000000000000122                __DMACTL0 = 0x122
                0x0000000000000124                __DMACTL1 = 0x124
                0x00000000000001e0                __DMA0CTL = 0x1e0
                0x00000000000001e8                __DMA1CTL = 0x1e8
                0x00000000000001f0                __DMA2CTL = 0x1f0
                0x00000000000001e2                __DMA0SA = 0x1e2
                0x00000000000001e4                __DMA0DA = 0x1e4
                0x00000000000001e6                __DMA0SZ = 0x1e6
                0x00000000000001ea                __DMA1SA = 0x1ea
                0x00000000000001ec                __DMA1DA = 0x1ec
                0x00000000000001ee                __DMA1SZ = 0x1ee
                0x00000000000001f2                __DMA2SA = 0x1f2
                0x00000000000001f4                __DMA2DA = 0x1f4
                0x00000000000001f6                __DMA2SZ = 0x1f6

.hash
 *(.hash)

.dynsym
 *(.dynsym)

.dynstr
 *(.dynstr)

.gnu.version
 *(.gnu.version)

.gnu.version_d
 *(.gnu.version_d)

.gnu.version_r
 *(.gnu.version_r)

.rel.init
 *(.rel.init)

.rela.init
 *(.rela.init)

.rel.fini
 *(.rel.fini)

.rela.fini
 *(.rela.fini)

.rel.text
 *(.rel.text .rel.text.* .rel.gnu.linkonce.t.*)

.rela.text
 *(.rela.text .rela.text.* .rela.gnu.linkonce.t.*)

.rel.rodata
 *(.rel.rodata .rel.rodata.* .rel.gnu.linkonce.r.*)

.rela.rodata
 *(.rela.rodata .rela.rodata.* .rela.gnu.linkonce.r.*)

.rel.data
 *(.rel.data .rel.data.* .rel.gnu.linkonce.d.*)

.rela.data
 *(.rela.data .rela.data.* .rela.gnu.linkonce.d.*)

.rel.bss
 *(.rel.bss .rel.bss.* .rel.gnu.linkonce.b.*)

.rela.bss
 *(.rela.bss .rela.bss.* .rela.gnu.linkonce.b.*)

.rel.ctors
 *(.rel.ctors)

.rela.ctors
 *(.rela.ctors)

.rel.dtors
 *(.rel.dtors)

.rela.dtors
 *(.rela.dtors)

.rel.got
 *(.rel.got)

.rela.got
 *(.rela.got)

.rel.plt
 *(.rel.plt)

.rela.plt
 *(.rela.plt)

.text           0x0000000000004000     0x93e0
                0x0000000000004000                . = ALIGN (0x2)
 *(.init .init.*)
 *(.init0)
 .init0         0x0000000000004000        0x0 /usr/local/Cellar/gcc-msp430/4.7.0-20120911_2/lib/gcc/msp430/4.7.0/mmpy-16/libcrt0.a(_reset_vector__.o)
                0x0000000000004000                _reset_vector__
 *(.init1)
 .init1         0x0000000000004000        0xc /usr/local/Cellar/gcc-msp430/4.7.0-20120911_2/lib/gcc/msp430/4.7.0/mmpy-16/libcrt0.a(__watchdog_support.o)
                0x0000000000004000                __watchdog_support
 *(.init2)
 .init2         0x000000000000400c        0x4 /usr/local/Cellar/gcc-msp430/4.7.0-20120911_2/lib/gcc/msp430/4.7.0/mmpy-16/libcrt0.a(__init_stack.o)
                0x000000000000400c                __init_stack
 *(.init3)
 .init3         0x0000000000004010        0x0 /usr/local/Cellar/gcc-msp430/4.7.0-20120911_2/lib/gcc/msp430/4.7.0/mmpy-16/libcrt0.a(__low_level_init.o)
                0x0000000000004010                __low_level_init
 *(.init4)
 .init4         0x0000000000004010       0x18 /usr/local/Cellar/gcc-msp430/4.7.0-20120911_2/lib/gcc/msp430/4.7.0/mmpy-16/libcrt0.a(_copy_data.o)
                0x0000000000004010                __do_copy_data
 .init4         0x0000000000004028       0x16 /usr/local/Cellar/gcc-msp430/4.7.0-20120911_2/lib/gcc/msp430/4.7.0/mmpy-16/libcrt0.a(_clear_bss.o)
                0x0000000000004028                __do_clear_bss
 *(.init5)
 *(.init6)
 *(.init7)
 *(.init8)
 *(.init9)
 .init9         0x000000000000403e      0x110 obj_sky/contiki-main.o
                0x000000000000403e                main
 *(.fini9)
 .fini9         0x000000000000414e        0x0 /usr/local/Cellar/gcc-msp430/4.7.0-20120911_2/lib/gcc/msp430/4.7.0/mmpy-16/libcrt0.a(__stop_progExec__.o)
                0x000000000000414e                __stop_progExec__
 *(.fini8)
 *(.fini7)
 *(.fini6)
 *(.fini5)
 *(.fini4)
 *(.fini3)
 *(.fini2)
 *(.fini1)
 *(.fini0)
 .fini0         0x000000000000414e        0x6 /usr/local/Cellar/gcc-msp430/4.7.0-20120911_2/lib/gcc/msp430/4.7.0/mmpy-16/libcrt0.a(_endless_loop__.o)
                0x000000000000414e                _endless_loop__
 *(.fini .fini.*)
                0x0000000000004154                . = ALIGN (0x2)
                0x0000000000004154                __ctors_start = .
 *(.ctors)
                0x0000000000004154                __ctors_end = .
                0x0000000000004154                __dtors_start = .
 *(.dtors)
                0x0000000000004154                __dtors_end = .
                0x0000000000004154                . = ALIGN (0x2)
 *(.text .text.* .gnu.linkonce.t.*)
 .text          0x0000000000004154        0x4 /usr/local/Cellar/gcc-msp430/4.7.0-20120911_2/lib/gcc/msp430/4.7.0/mmpy-16/crt0ivtbl16.o
                0x0000000000004154                __isr_9
                0x0000000000004154                __isr_11
                0x0000000000004154                __isr_2
                0x0000000000004154                __isr_7
                0x0000000000004154                __isr_0
                0x0000000000004154                __isr_8
                0x0000000000004154                __isr_3
                0x0000000000004154                __isr_13
                0x0000000000004154                __isr_14
 .text.process_thread_graz_i2c_process
                0x0000000000004158      0x210 dimmer-dcube.o
 .text.generate_dummy_packet
                0x0000000000004368       0x1c dimmer-dcube.o
                0x0000000000004368                generate_dummy_packet
 .text.read_acks
                0x0000000000004384       0x9a dimmer-dcube.o
                0x0000000000004384                read_acks
 .text.transmit_packet
                0x000000000000441e       0xd4 dimmer-dcube.o
                0x000000000000441e                transmit_packet
 .text.read_received_packets
                0x00000000000044f2      0x110 dimmer-dcube.o
                0x00000000000044f2                read_received_packets
 .text.process_thread_lwb_application_process
                0x0000000000004602       0xf4 dimmer-dcube.o
 .text.__eeprom_isr
                0x00000000000046f6       0x24 dimmer-dcube.o
                0x00000000000046f6                __eeprom_isr
                0x00000000000046f6                __isr_1
 .text.clock_delay
                0x000000000000471a        0xc obj_sky/rtimer-ext.o
                0x000000000000471a                clock_delay
 .text.clock_time
                0x0000000000004726        0xa obj_sky/rtimer-ext.o
                0x0000000000004726                clock_time
 .text.clock_seconds
                0x0000000000004730        0xa obj_sky/rtimer-ext.o
                0x0000000000004730                clock_seconds
 .text.clock_counter
                0x000000000000473a        0xe obj_sky/rtimer-ext.o
                0x000000000000473a                clock_counter
 .text.rtimer_ext_init
                0x0000000000004748       0x26 obj_sky/rtimer-ext.o
                0x0000000000004748                rtimer_ext_init
 .text.clock_init
                0x000000000000476e       0x22 obj_sky/rtimer-ext.o
                0x000000000000476e                clock_init
 .text.rtimer_ext_now_lf_hw
                0x0000000000004790        0xe obj_sky/rtimer-ext.o
                0x0000000000004790                rtimer_ext_now_lf_hw
 .text.rtimer_ext_now_lf
                0x000000000000479e       0xbe obj_sky/rtimer-ext.o
                0x000000000000479e                rtimer_ext_now_lf
 .text.rtimer_ext_reset
                0x000000000000485c       0x6a obj_sky/rtimer-ext.o
                0x000000000000485c                rtimer_ext_reset
 .text.rtimer_ext_schedule
                0x00000000000048c6       0xd0 obj_sky/rtimer-ext.o
                0x00000000000048c6                rtimer_ext_schedule
 .text.timera1  0x0000000000004996      0x20c obj_sky/rtimer-ext.o
                0x0000000000004996                __isr_5
                0x0000000000004996                timera1
 .text.radio_flush_tx
                0x0000000000004ba2       0x16 obj_sky/glossy.o
 .text.radio_write_tx
                0x0000000000004bb8       0x3c obj_sky/glossy.o
 .text.radio_flush_rx
                0x0000000000004bf4       0x54 obj_sky/glossy.o
 .text.radio_restart_rx
                0x0000000000004c48        0xc obj_sky/glossy.o
 .text.radio_start_tx
                0x0000000000004c54       0x22 obj_sky/glossy.o
 .text.radio_off
                0x0000000000004c76       0xae obj_sky/glossy.o
 .text.enable_other_interrupts
                0x0000000000004d24      0x152 obj_sky/glossy.o
                0x0000000000004d24                enable_other_interrupts
 .text.glossy_stop
                0x0000000000004e76       0x56 obj_sky/glossy.o
                0x0000000000004e76                glossy_stop
 .text.glossy_end_rx
                0x0000000000004ecc      0x20c obj_sky/glossy.o
                0x0000000000004ecc                glossy_end_rx
 .text.glossy_begin_tx
                0x00000000000050d8      0x148 obj_sky/glossy.o
                0x00000000000050d8                glossy_begin_tx
 .text.glossy_end_tx
                0x0000000000005220       0x36 obj_sky/glossy.o
                0x0000000000005220                glossy_end_tx
 .text.schedule_rx_timeout
                0x0000000000005256        0xe obj_sky/glossy.o
                0x0000000000005256                schedule_rx_timeout
 .text.glossy_begin_rx
                0x0000000000005264      0x1ae obj_sky/glossy.o
                0x0000000000005264                glossy_begin_rx
 .text.schedule_initiator_timeout
                0x0000000000005412       0x90 obj_sky/glossy.o
                0x0000000000005412                schedule_initiator_timeout
 .text.glossy_start
                0x00000000000054a2      0x184 obj_sky/glossy.o
                0x00000000000054a2                glossy_start
 .text.timerb1_interrupt
                0x0000000000005626      0x17c obj_sky/glossy.o
                0x0000000000005626                timerb1_interrupt
                0x0000000000005626                __isr_12
 .text.glossy_get_rx_cnt
                0x00000000000057a2        0x6 obj_sky/glossy.o
                0x00000000000057a2                glossy_get_rx_cnt
 .text.glossy_is_t_ref_updated
                0x00000000000057a8        0x6 obj_sky/glossy.o
                0x00000000000057a8                glossy_is_t_ref_updated
 .text.glossy_get_t_ref_lf
                0x00000000000057ae       0x12 obj_sky/glossy.o
                0x00000000000057ae                glossy_get_t_ref_lf
 .text.glossy_get_payload_len
                0x00000000000057c0        0x6 obj_sky/glossy.o
                0x00000000000057c0                glossy_get_payload_len
 .text.glossy_set_channel
                0x00000000000057c6        0x6 obj_sky/glossy.o
                0x00000000000057c6                glossy_set_channel
 .text.glossy_set_guard_time
                0x00000000000057cc        0x2 obj_sky/glossy.o
                0x00000000000057cc                glossy_set_guard_time
 .text.node_id_restore
                0x00000000000057ce       0x38 contiki-ng-sky.a(node-id.o)
                0x00000000000057ce                node_id_restore
 .text.get_object
                0x0000000000005806        0x4 contiki-ng-sky.a(cc2420.o)
 .text.set_object
                0x000000000000580a        0x4 contiki-ng-sky.a(cc2420.o)
 .text.strobe   0x000000000000580e       0x1c contiki-ng-sky.a(cc2420.o)
 .text.getreg   0x000000000000582a       0x4c contiki-ng-sky.a(cc2420.o)
 .text.setreg   0x0000000000005876       0x4c contiki-ng-sky.a(cc2420.o)
 .text.write_ram
                0x00000000000058c2       0x7c contiki-ng-sky.a(cc2420.o)
 .text.write_fifo_buf
                0x000000000000593e       0x3c contiki-ng-sky.a(cc2420.o)
 .text.get_status
                0x000000000000597a       0x20 contiki-ng-sky.a(cc2420.o)
 .text.cc2420_receiving_packet
                0x000000000000599a        0xc contiki-ng-sky.a(cc2420.o)
 .text.pending_packet
                0x00000000000059a6        0x8 contiki-ng-sky.a(cc2420.o)
 .text.wait_for_transmission
                0x00000000000059ae       0x22 contiki-ng-sky.a(cc2420.o)
 .text.wait_for_status
                0x00000000000059d0       0x28 contiki-ng-sky.a(cc2420.o)
 .text.getrxdata
                0x00000000000059f8       0x50 contiki-ng-sky.a(cc2420.o)
 .text.flushrx  0x0000000000005a48       0x1a contiki-ng-sky.a(cc2420.o)
 .text.energest_on
                0x0000000000005a62       0x28 contiki-ng-sky.a(cc2420.o)
 .text.on       0x0000000000005a8a       0x20 contiki-ng-sky.a(cc2420.o)
 .text.energest_off
                0x0000000000005aaa       0x9c contiki-ng-sky.a(cc2420.o)
 .text.off      0x0000000000005b46       0x2e contiki-ng-sky.a(cc2420.o)
 .text.RELEASE_LOCK
                0x0000000000005b74       0x28 contiki-ng-sky.a(cc2420.o)
 .text.set_key  0x0000000000005b9c       0x18 contiki-ng-sky.a(cc2420.o)
 .text.set_frame_filtering
                0x0000000000005bb4       0x30 contiki-ng-sky.a(cc2420.o)
 .text.set_auto_ack
                0x0000000000005be4       0x30 contiki-ng-sky.a(cc2420.o)
 .text.set_poll_mode
                0x0000000000005c14       0x2c contiki-ng-sky.a(cc2420.o)
 .text.cc2420_prepare
                0x0000000000005c40       0x3c contiki-ng-sky.a(cc2420.o)
 .text.cc2420_on
                0x0000000000005c7c       0x22 contiki-ng-sky.a(cc2420.o)
                0x0000000000005c7c                cc2420_on
 .text.cc2420_transmit
                0x0000000000005c9e       0x7e contiki-ng-sky.a(cc2420.o)
 .text.cc2420_send
                0x0000000000005d1c       0x12 contiki-ng-sky.a(cc2420.o)
 .text.cc2420_off
                0x0000000000005d2e       0x30 contiki-ng-sky.a(cc2420.o)
                0x0000000000005d2e                cc2420_off
 .text.cc2420_cca
                0x0000000000005d5e       0x68 contiki-ng-sky.a(cc2420.o)
 .text.cc2420_read
                0x0000000000005dc6       0xbe contiki-ng-sky.a(cc2420.o)
 .text.process_thread_cc2420_process
                0x0000000000005e84       0x62 contiki-ng-sky.a(cc2420.o)
 .text.encrypt  0x0000000000005ee6       0x88 contiki-ng-sky.a(cc2420.o)
 .text.cc2420_set_channel
                0x0000000000005f6e       0x3c contiki-ng-sky.a(cc2420.o)
                0x0000000000005f6e                cc2420_set_channel
 .text.cc2420_set_pan_addr
                0x0000000000005faa       0x4c contiki-ng-sky.a(cc2420.o)
                0x0000000000005faa                cc2420_set_pan_addr
 .text.cc2420_interrupt
                0x0000000000005ff6       0x16 contiki-ng-sky.a(cc2420.o)
                0x0000000000005ff6                cc2420_interrupt
 .text.cc2420_set_txpower
                0x000000000000600c       0x2c contiki-ng-sky.a(cc2420.o)
                0x000000000000600c                cc2420_set_txpower
 .text.cc2420_get_txpower
                0x0000000000006038       0x1e contiki-ng-sky.a(cc2420.o)
                0x0000000000006038                cc2420_get_txpower
 .text.cc2420_rssi
                0x0000000000006056       0x4c contiki-ng-sky.a(cc2420.o)
                0x0000000000006056                cc2420_rssi
 .text.get_value
                0x00000000000060a2      0x104 contiki-ng-sky.a(cc2420.o)
 .text.cc2420_set_cca_threshold
                0x00000000000061a6       0x16 contiki-ng-sky.a(cc2420.o)
                0x00000000000061a6                cc2420_set_cca_threshold
 .text.set_value
                0x00000000000061bc       0xb8 contiki-ng-sky.a(cc2420.o)
 .text.cc2420_init
                0x0000000000006274       0xea contiki-ng-sky.a(cc2420.o)
                0x0000000000006274                cc2420_init
 .text.cc2420_port1_interrupt
                0x000000000000635e       0x20 contiki-ng-sky.a(cc2420-arch.o)
                0x000000000000635e                __isr_4
                0x000000000000635e                cc2420_port1_interrupt
 .text.cc2420_arch_init
                0x000000000000637e       0x1a contiki-ng-sky.a(cc2420-arch.o)
                0x000000000000637e                cc2420_arch_init
 .text.putchar  0x0000000000006398       0x10 contiki-ng-sky.a(uart1-putchar.o)
                0x0000000000006398                putchar
 .text.energest_switch
                0x00000000000063a8       0x6e contiki-ng-sky.a(platform.o)
 .text.platform_init_stage_one
                0x0000000000006416       0x12 contiki-ng-sky.a(platform.o)
                0x0000000000006416                platform_init_stage_one
 .text.platform_init_stage_two
                0x0000000000006428       0x84 contiki-ng-sky.a(platform.o)
                0x0000000000006428                platform_init_stage_two
 .text.platform_init_stage_three
                0x00000000000064ac       0xe2 contiki-ng-sky.a(platform.o)
                0x00000000000064ac                platform_init_stage_three
 .text.platform_idle
                0x000000000000658e       0xb2 contiki-ng-sky.a(platform.o)
                0x000000000000658e                platform_idle
 .text.msp430_init_dco
                0x0000000000006640       0x82 contiki-ng-sky.a(msp430.o)
                0x0000000000006640                msp430_init_dco
 .text.msp430_add_lpm_req
                0x00000000000066c2        0xc contiki-ng-sky.a(msp430.o)
                0x00000000000066c2                msp430_add_lpm_req
 .text.msp430_cpu_init
                0x00000000000066ce       0x2a contiki-ng-sky.a(msp430.o)
                0x00000000000066ce                msp430_cpu_init
 .text.splhigh_
                0x00000000000066f8        0x8 contiki-ng-sky.a(msp430.o)
                0x00000000000066f8                splhigh_
 .text.msp430_sync_dco
                0x0000000000006700       0x80 contiki-ng-sky.a(msp430.o)
                0x0000000000006700                msp430_sync_dco
 .text.leds_init
                0x0000000000006780        0x6 contiki-ng-sky.a(leds.o)
                0x0000000000006780                leds_init
 .text.leds_on  0x0000000000006786       0x12 contiki-ng-sky.a(leds.o)
                0x0000000000006786                leds_on
 .text.leds_off
                0x0000000000006798       0x12 contiki-ng-sky.a(leds.o)
                0x0000000000006798                leds_off
 .text.leds_arch_init
                0x00000000000067aa        0xe contiki-ng-sky.a(leds-arch.o)
                0x00000000000067aa                leds_arch_init
 .text.leds_arch_get
                0x00000000000067b8       0x34 contiki-ng-sky.a(leds-arch.o)
                0x00000000000067b8                leds_arch_get
 .text.leds_arch_set
                0x00000000000067ec       0x3e contiki-ng-sky.a(leds-arch.o)
                0x00000000000067ec                leds_arch_set
 .text.watchdog_interrupt
                0x000000000000682a        0x6 contiki-ng-sky.a(watchdog.o)
                0x000000000000682a                __isr_10
                0x000000000000682a                watchdog_interrupt
 .text.watchdog_start
                0x0000000000006830       0x14 contiki-ng-sky.a(watchdog.o)
                0x0000000000006830                watchdog_start
 .text.watchdog_periodic
                0x0000000000006844       0x12 contiki-ng-sky.a(watchdog.o)
                0x0000000000006844                watchdog_periodic
 .text.watchdog_stop
                0x0000000000006856       0x16 contiki-ng-sky.a(watchdog.o)
                0x0000000000006856                watchdog_stop
 .text.watchdog_init
                0x000000000000686c        0xa contiki-ng-sky.a(watchdog.o)
                0x000000000000686c                watchdog_init
 .text.timera0  0x0000000000006876       0x2e contiki-ng-sky.a(rtimer-arch.o)
                0x0000000000006876                __isr_6
                0x0000000000006876                timera0
 .text.rtimer_arch_init
                0x00000000000068a4        0xe contiki-ng-sky.a(rtimer-arch.o)
                0x00000000000068a4                rtimer_arch_init
 .text.rtimer_arch_now
                0x00000000000068b2        0xe contiki-ng-sky.a(rtimer-arch.o)
                0x00000000000068b2                rtimer_arch_now
 .text.rtimer_arch_schedule
                0x00000000000068c0        0x6 contiki-ng-sky.a(rtimer-arch.o)
                0x00000000000068c0                rtimer_arch_schedule
 .text.lwb_stream_init
                0x00000000000068c6       0x1c contiki-ng-sky.a(lwb-stream.o)
                0x00000000000068c6                lwb_stream_init
 .text.lwb_stream_update_state
                0x00000000000068e2       0xb8 contiki-ng-sky.a(lwb-stream.o)
                0x00000000000068e2                lwb_stream_update_state
 .text.lwb_stream_add
                0x000000000000699a      0x158 contiki-ng-sky.a(lwb-stream.o)
                0x000000000000699a                lwb_stream_add
 .text.lwb_stream_rejoin
                0x0000000000006af2       0x60 contiki-ng-sky.a(lwb-stream.o)
                0x0000000000006af2                lwb_stream_rejoin
 .text.lwb_stream_prepare_req
                0x0000000000006b52       0x54 contiki-ng-sky.a(lwb-stream.o)
                0x0000000000006b52                lwb_stream_prepare_req
 .text.lwb_stream_get_state
                0x0000000000006ba6       0x2a contiki-ng-sky.a(lwb-stream.o)
                0x0000000000006ba6                lwb_stream_get_state
 .text.lwb_in_buffer_put
                0x0000000000006bd0       0x7a contiki-ng-sky.a(lwb.o)
                0x0000000000006bd0                lwb_in_buffer_put
 .text.lwb_out_buffer_get
                0x0000000000006c4a       0x60 contiki-ng-sky.a(lwb.o)
                0x0000000000006c4a                lwb_out_buffer_get
 .text.lwb_send_pkt
                0x0000000000006caa       0x9c contiki-ng-sky.a(lwb.o)
                0x0000000000006caa                lwb_send_pkt
 .text.lwb_rcv_pkt
                0x0000000000006d46       0x9a contiki-ng-sky.a(lwb.o)
                0x0000000000006d46                lwb_rcv_pkt
 .text.lwb_get_send_buffer_state
                0x0000000000006de0        0x6 contiki-ng-sky.a(lwb.o)
                0x0000000000006de0                lwb_get_send_buffer_state
 .text.lwb_request_stream
                0x0000000000006de6       0x18 contiki-ng-sky.a(lwb.o)
                0x0000000000006de6                lwb_request_stream
 .text.lwb_update_sync_state
                0x0000000000006dfe       0x36 contiki-ng-sky.a(lwb.o)
                0x0000000000006dfe                lwb_update_sync_state
 .text.lwb_start
                0x0000000000006e34       0x72 contiki-ng-sky.a(lwb.o)
                0x0000000000006e34                lwb_start
 .text.lwb_set_conf_tx_cnt_data
                0x0000000000006ea6        0xe contiki-ng-sky.a(lwb.o)
                0x0000000000006ea6                lwb_set_conf_tx_cnt_data
 .text.lwb_set_conf_tx_cnt_sched
                0x0000000000006eb4       0x10 contiki-ng-sky.a(lwb.o)
                0x0000000000006eb4                lwb_set_conf_tx_cnt_sched
 .text.lwb_thread_src
                0x0000000000006ec4      0xe5e contiki-ng-sky.a(lwb.o)
                0x0000000000006ec4                lwb_thread_src
 .text.lwb_thread_host
                0x0000000000007d22      0x94c contiki-ng-sky.a(lwb.o)
                0x0000000000007d22                lwb_thread_host
 .text.lwb_get_last_round_id
                0x000000000000866e        0x6 contiki-ng-sky.a(lwb.o)
                0x000000000000866e                lwb_get_last_round_id
 .text.lwb_get_dimmer_options
                0x0000000000008674        0x6 contiki-ng-sky.a(lwb.o)
                0x0000000000008674                lwb_get_dimmer_options
 .text.lwb_set_dimmer_options
                0x000000000000867a        0x6 contiki-ng-sky.a(lwb.o)
                0x000000000000867a                lwb_set_dimmer_options
 .text.lwb_set_dimmer_ack
                0x0000000000008680        0xc contiki-ng-sky.a(lwb.o)
                0x0000000000008680                lwb_set_dimmer_ack
 .text.lwb_get_dimmer_acks
                0x000000000000868c       0x22 contiki-ng-sky.a(lwb.o)
                0x000000000000868c                lwb_get_dimmer_acks
 .text.init_mapped_node_id
                0x00000000000086ae       0x24 contiki-ng-sky.a(dimmer-testbed.)
                0x00000000000086ae                init_mapped_node_id
 .text.dimmer_start_dqn_process
                0x00000000000086d2        0xc contiki-ng-sky.a(dimmer.o)
                0x00000000000086d2                dimmer_start_dqn_process
 .text.dimmer_start_serial_line_process
                0x00000000000086de       0x10 contiki-ng-sky.a(dimmer.o)
                0x00000000000086de                dimmer_start_serial_line_process
 .text.dimmer_init
                0x00000000000086ee       0x3a contiki-ng-sky.a(dimmer.o)
                0x00000000000086ee                dimmer_init
 .text.dimmer_poll_dqn_process
                0x0000000000008728        0xa contiki-ng-sky.a(dimmer.o)
                0x0000000000008728                dimmer_poll_dqn_process
 .text.dimmer_poll
                0x0000000000008732        0x6 contiki-ng-sky.a(dimmer.o)
                0x0000000000008732                dimmer_poll
 .text.dimmer_update_local_statistics_post_reception
                0x0000000000008738       0xf8 contiki-ng-sky.a(dimmer.o)
                0x0000000000008738                dimmer_update_local_statistics_post_reception
 .text.dimmer_local_statistics_scale_input
                0x0000000000008830      0x16c contiki-ng-sky.a(dimmer.o)
                0x0000000000008830                dimmer_local_statistics_scale_input
 .text.dimmer_update_global_statistics_post_reception
                0x000000000000899c       0x62 contiki-ng-sky.a(dimmer.o)
                0x000000000000899c                dimmer_update_global_statistics_post_reception
 .text.dimmer_piggyback_local_statistics_in_packet
                0x00000000000089fe       0x3e contiki-ng-sky.a(dimmer.o)
                0x00000000000089fe                dimmer_piggyback_local_statistics_in_packet
 .text.dimmer_reset_statistics
                0x0000000000008a3c       0x3a contiki-ng-sky.a(dimmer.o)
                0x0000000000008a3c                dimmer_reset_statistics
 .text.process_thread_dimmer_serial_line_process
                0x0000000000008a76       0x72 contiki-ng-sky.a(dimmer.o)
 .text.dimmer_execute_command
                0x0000000000008ae8       0xe6 contiki-ng-sky.a(dimmer.o)
                0x0000000000008ae8                dimmer_execute_command
 .text.process_thread_dimmer_controller_process
                0x0000000000008bce      0x1fa contiki-ng-sky.a(dimmer.o)
 .text.autostart_start
                0x0000000000008dc8       0x16 contiki-ng-sky.a(autostart.o)
                0x0000000000008dc8                autostart_start
 .text.process_thread_ctimer_process
                0x0000000000008dde       0xa8 contiki-ng-sky.a(ctimer.o)
 .text.ctimer_init
                0x0000000000008e86       0x18 contiki-ng-sky.a(ctimer.o)
                0x0000000000008e86                ctimer_init
 .text.ctimer_set_with_process
                0x0000000000008e9e       0x4e contiki-ng-sky.a(ctimer.o)
                0x0000000000008e9e                ctimer_set_with_process
 .text.ctimer_set
                0x0000000000008eec       0x10 contiki-ng-sky.a(ctimer.o)
                0x0000000000008eec                ctimer_set
 .text.ctimer_reset
                0x0000000000008efc       0x30 contiki-ng-sky.a(ctimer.o)
                0x0000000000008efc                ctimer_reset
 .text.energest_init
                0x0000000000008f2c       0x40 contiki-ng-sky.a(energest.o)
                0x0000000000008f2c                energest_init
 .text.energest_flush
                0x0000000000008f6c       0x5c contiki-ng-sky.a(energest.o)
                0x0000000000008f6c                energest_flush
 .text.update_time
                0x0000000000008fc8       0x78 contiki-ng-sky.a(etimer.o)
 .text.etimer_request_poll
                0x0000000000009040        0xa contiki-ng-sky.a(etimer.o)
                0x0000000000009040                etimer_request_poll
 .text.process_thread_etimer_process
                0x000000000000904a       0xcc contiki-ng-sky.a(etimer.o)
 .text.add_timer
                0x0000000000009116       0x40 contiki-ng-sky.a(etimer.o)
 .text.etimer_set
                0x0000000000009156       0x12 contiki-ng-sky.a(etimer.o)
                0x0000000000009156                etimer_set
 .text.etimer_reset
                0x0000000000009168       0x12 contiki-ng-sky.a(etimer.o)
                0x0000000000009168                etimer_reset
 .text.etimer_pending
                0x000000000000917a        0xc contiki-ng-sky.a(etimer.o)
                0x000000000000917a                etimer_pending
 .text.etimer_next_expiration_time
                0x0000000000009186       0x16 contiki-ng-sky.a(etimer.o)
                0x0000000000009186                etimer_next_expiration_time
 .text.log_lladdr
                0x000000000000919c       0x44 contiki-ng-sky.a(log.o)
                0x000000000000919c                log_lladdr
 .text.call_process
                0x00000000000091e0       0x46 contiki-ng-sky.a(process.o)
 .text.exit_process
                0x0000000000009226       0x96 contiki-ng-sky.a(process.o)
 .text.do_poll  0x00000000000092bc       0x30 contiki-ng-sky.a(process.o)
 .text.process_alloc_event
                0x00000000000092ec        0xe contiki-ng-sky.a(process.o)
                0x00000000000092ec                process_alloc_event
 .text.process_init
                0x00000000000092fa       0x18 contiki-ng-sky.a(process.o)
                0x00000000000092fa                process_init
 .text.process_run
                0x0000000000009312       0x92 contiki-ng-sky.a(process.o)
                0x0000000000009312                process_run
 .text.process_nevents
                0x00000000000093a4        0xe contiki-ng-sky.a(process.o)
                0x00000000000093a4                process_nevents
 .text.process_post
                0x00000000000093b2       0x42 contiki-ng-sky.a(process.o)
                0x00000000000093b2                process_post
 .text.process_post_synch
                0x00000000000093f4       0x12 contiki-ng-sky.a(process.o)
                0x00000000000093f4                process_post_synch
 .text.process_start
                0x0000000000009406       0x36 contiki-ng-sky.a(process.o)
                0x0000000000009406                process_start
 .text.process_poll
                0x000000000000943c       0x18 contiki-ng-sky.a(process.o)
                0x000000000000943c                process_poll
 .text.rtimer_init
                0x0000000000009454        0x6 contiki-ng-sky.a(rtimer.o)
                0x0000000000009454                rtimer_init
 .text.rtimer_run_next
                0x000000000000945a       0x26 contiki-ng-sky.a(rtimer.o)
                0x000000000000945a                rtimer_run_next
 .text.timer_set
                0x0000000000009480       0x1c contiki-ng-sky.a(timer.o)
                0x0000000000009480                timer_set
 .text.timer_reset
                0x000000000000949c        0xe contiki-ng-sky.a(timer.o)
                0x000000000000949c                timer_reset
 .text.timer_expired
                0x00000000000094aa       0x2a contiki-ng-sky.a(timer.o)
                0x00000000000094aa                timer_expired
 .text.debug_print_init
                0x00000000000094d4       0x36 contiki-ng-sky.a(debug-print.o)
                0x00000000000094d4                debug_print_init
 .text.debug_print_poll
                0x000000000000950a        0xa contiki-ng-sky.a(debug-print.o)
                0x000000000000950a                debug_print_poll
 .text.debug_print_msg_now
                0x0000000000009514       0x16 contiki-ng-sky.a(debug-print.o)
                0x0000000000009514                debug_print_msg_now
 .text.printbuf_put
                0x000000000000952a       0x80 contiki-ng-sky.a(debug-print.o)
                0x000000000000952a                printbuf_put
 .text.debug_print_msg
                0x00000000000095aa       0x68 contiki-ng-sky.a(debug-print.o)
                0x00000000000095aa                debug_print_msg
 .text.printbuf_flush
                0x0000000000009612       0x30 contiki-ng-sky.a(debug-print.o)
                0x0000000000009612                printbuf_flush
 .text.process_thread_debug_print_process
                0x0000000000009642       0xc6 contiki-ng-sky.a(debug-print.o)
 .text.my2c_enable
                0x0000000000009708       0x42 contiki-ng-sky.a(my2c.o)
                0x0000000000009708                my2c_enable
 .text.my2c_start
                0x000000000000974a       0x50 contiki-ng-sky.a(my2c.o)
                0x000000000000974a                my2c_start
 .text.my2c_stop
                0x000000000000979a       0x30 contiki-ng-sky.a(my2c.o)
                0x000000000000979a                my2c_stop
 .text.my2c_write
                0x00000000000097ca       0x6e contiki-ng-sky.a(my2c.o)
                0x00000000000097ca                my2c_write
 .text.my2c_read
                0x0000000000009838       0x5a contiki-ng-sky.a(my2c.o)
                0x0000000000009838                my2c_read
 .text.process_thread_serial_line_process
                0x0000000000009892       0x9e contiki-ng-sky.a(serial-line.o)
 .text.serial_line_input_byte
                0x0000000000009930       0x4a contiki-ng-sky.a(serial-line.o)
                0x0000000000009930                serial_line_input_byte
 .text.serial_line_init
                0x000000000000997a       0x1c contiki-ng-sky.a(serial-line.o)
                0x000000000000997a                serial_line_init
 .text.list_init
                0x0000000000009996        0x6 contiki-ng-sky.a(list.o)
                0x0000000000009996                list_init
 .text.list_head
                0x000000000000999c        0x4 contiki-ng-sky.a(list.o)
                0x000000000000999c                list_head
 .text.list_tail
                0x00000000000099a0       0x12 contiki-ng-sky.a(list.o)
                0x00000000000099a0                list_tail
 .text.list_remove
                0x00000000000099b2       0x34 contiki-ng-sky.a(list.o)
                0x00000000000099b2                list_remove
 .text.list_push
                0x00000000000099e6       0x1a contiki-ng-sky.a(list.o)
                0x00000000000099e6                list_push
 .text.list_add
                0x0000000000009a00       0x2a contiki-ng-sky.a(list.o)
                0x0000000000009a00                list_add
 .text.list_insert
                0x0000000000009a2a       0x26 contiki-ng-sky.a(list.o)
                0x0000000000009a2a                list_insert
 .text.random_init
                0x0000000000009a50        0x6 contiki-ng-sky.a(random.o)
                0x0000000000009a50                random_init
 .text.random_rand
                0x0000000000009a56        0x6 contiki-ng-sky.a(random.o)
                0x0000000000009a56                random_rand
 .text.ringbuf_init
                0x0000000000009a5c       0x14 contiki-ng-sky.a(ringbuf.o)
                0x0000000000009a5c                ringbuf_init
 .text.ringbuf_put
                0x0000000000009a70       0x38 contiki-ng-sky.a(ringbuf.o)
                0x0000000000009a70                ringbuf_put
 .text.ringbuf_get
                0x0000000000009aa8       0x32 contiki-ng-sky.a(ringbuf.o)
                0x0000000000009aa8                ringbuf_get
 .text.linkaddr_copy
                0x0000000000009ada        0x8 contiki-ng-sky.a(linkaddr.o)
                0x0000000000009ada                linkaddr_copy
 .text.linkaddr_set_node_addr
                0x0000000000009ae2        0xc contiki-ng-sky.a(linkaddr.o)
                0x0000000000009ae2                linkaddr_set_node_addr
 .text.netstack_init
                0x0000000000009aee        0xe contiki-ng-sky.a(netstack.o)
                0x0000000000009aee                netstack_init
 .text.packetbuf_set_datalen
                0x0000000000009afc        0x6 contiki-ng-sky.a(packetbuf.o)
                0x0000000000009afc                packetbuf_set_datalen
 .text.packetbuf_datalen
                0x0000000000009b02        0x6 contiki-ng-sky.a(packetbuf.o)
                0x0000000000009b02                packetbuf_datalen
 .text.packetbuf_hdrlen
                0x0000000000009b08        0xa contiki-ng-sky.a(packetbuf.o)
                0x0000000000009b08                packetbuf_hdrlen
 .text.packetbuf_dataptr
                0x0000000000009b12        0xc contiki-ng-sky.a(packetbuf.o)
                0x0000000000009b12                packetbuf_dataptr
 .text.packetbuf_attr_clear
                0x0000000000009b1e       0x28 contiki-ng-sky.a(packetbuf.o)
                0x0000000000009b1e                packetbuf_attr_clear
 .text.packetbuf_clear
                0x0000000000009b46       0x12 contiki-ng-sky.a(packetbuf.o)
                0x0000000000009b46                packetbuf_clear
 .text.packetbuf_copyfrom
                0x0000000000009b58       0x2e contiki-ng-sky.a(packetbuf.o)
                0x0000000000009b58                packetbuf_copyfrom
 .text.packetbuf_set_attr
                0x0000000000009b86        0xc contiki-ng-sky.a(packetbuf.o)
                0x0000000000009b86                packetbuf_set_attr
 .text.packetbuf_set_addr
                0x0000000000009b92       0x18 contiki-ng-sky.a(packetbuf.o)
                0x0000000000009b92                packetbuf_set_addr
 .text.packetbuf_addr
                0x0000000000009baa       0x12 contiki-ng-sky.a(packetbuf.o)
                0x0000000000009baa                packetbuf_addr
 .text.send_packet
                0x0000000000009bbc        0x2 contiki-ng-sky.a(nullmac.o)
 .text.packet_input
                0x0000000000009bbe        0x2 contiki-ng-sky.a(nullmac.o)
 .text.on       0x0000000000009bc0        0x4 contiki-ng-sky.a(nullmac.o)
 .text.off      0x0000000000009bc4        0x4 contiki-ng-sky.a(nullmac.o)
 .text.init     0x0000000000009bc8        0x2 contiki-ng-sky.a(nullmac.o)
 .text.init     0x0000000000009bca        0x6 contiki-ng-sky.a(nullnet.o)
 .text.output   0x0000000000009bd0       0x42 contiki-ng-sky.a(nullnet.o)
 .text.input    0x0000000000009c12       0x40 contiki-ng-sky.a(nullnet.o)
 .text.init_platform
                0x0000000000009c52        0xc contiki-ng-sky.a(contiki-sky-pla)
                0x0000000000009c52                init_platform
 .text.status   0x0000000000009c5e       0x18 contiki-ng-sky.a(button-sensor.o)
 .text.value    0x0000000000009c76       0x20 contiki-ng-sky.a(button-sensor.o)
 .text.configure
                0x0000000000009c96       0x4c contiki-ng-sky.a(button-sensor.o)
 .text.spi_init
                0x0000000000009ce2       0x30 contiki-ng-sky.a(spi-legacy.o)
                0x0000000000009ce2                spi_init
 .text.owreadb  0x0000000000009d12       0x50 contiki-ng-sky.a(ds2411.o)
 .text.ds2411_init
                0x0000000000009d62      0x120 contiki-ng-sky.a(ds2411.o)
                0x0000000000009d62                ds2411_init
 .text.wait_ready
                0x0000000000009e82       0x4a contiki-ng-sky.a(xmem.o)
 .text.xmem_init
                0x0000000000009ecc       0x3c contiki-ng-sky.a(xmem.o)
                0x0000000000009ecc                xmem_init
 .text.xmem_pread
                0x0000000000009f08       0xa4 contiki-ng-sky.a(xmem.o)
                0x0000000000009f08                xmem_pread
 .text.process_thread_sensors_process
                0x0000000000009fac       0xc2 contiki-ng-sky.a(sensors.o)
 .text.handle_rxdma_timer
                0x000000000000a06e       0x3a contiki-ng-sky.a(uart1.o)
 .text.uart1_active
                0x000000000000a0a8       0x18 contiki-ng-sky.a(uart1.o)
                0x000000000000a0a8                uart1_active
 .text.uart1_set_input
                0x000000000000a0c0       0x20 contiki-ng-sky.a(uart1.o)
                0x000000000000a0c0                uart1_set_input
 .text.uart1_writeb
                0x000000000000a0e0       0x18 contiki-ng-sky.a(uart1.o)
                0x000000000000a0e0                uart1_writeb
 .text.uart1_init
                0x000000000000a0f8       0xf6 contiki-ng-sky.a(uart1.o)
                0x000000000000a0f8                uart1_init
 .text.lwb_sched_compress
                0x000000000000a1ee      0x2ea contiki-ng-sky.a(lwb-sched-compr)
                0x000000000000a1ee                lwb_sched_compress
 .text.lwb_sched_uncompress
                0x000000000000a4d8      0x1a0 contiki-ng-sky.a(lwb-sched-compr)
                0x000000000000a4d8                lwb_sched_uncompress
 .text.lwb_sched_prepare_sack
                0x000000000000a678       0x3a contiki-ng-sky.a(lwb-sched-min-e)
                0x000000000000a678                lwb_sched_prepare_sack
 .text.lwb_sched_proc_srq
                0x000000000000a6b2      0x1dc contiki-ng-sky.a(lwb-sched-min-e)
                0x000000000000a6b2                lwb_sched_proc_srq
 .text.lwb_sched_compute
                0x000000000000a88e      0x44e contiki-ng-sky.a(lwb-sched-min-e)
                0x000000000000a88e                lwb_sched_compute
 .text.lwb_sched_init
                0x000000000000acdc       0x8a contiki-ng-sky.a(lwb-sched-min-e)
                0x000000000000acdc                lwb_sched_init
 .text.lwb_sched_get_round_id
                0x000000000000ad66        0x4 contiki-ng-sky.a(lwb-sched-min-e)
                0x000000000000ad66                lwb_sched_get_round_id
 .text.lwb_sched_get_dimmer_options
                0x000000000000ad6a        0x6 contiki-ng-sky.a(lwb-sched-min-e)
                0x000000000000ad6a                lwb_sched_get_dimmer_options
 .text.dimmer_dqn_run
                0x000000000000ad70      0x1c2 contiki-ng-sky.a(dimmer-dqn.o)
                0x000000000000ad70                dimmer_dqn_run
 .text.partition
                0x000000000000af32       0xe6 contiki-ng-sky.a(dimmer-dqn.o)
                0x000000000000af32                partition
 .text.quicksort
                0x000000000000b018       0x3a contiki-ng-sky.a(dimmer-dqn.o)
                0x000000000000b018                quicksort
 .text.dimmer_dqn_select_n_worst_nodes
                0x000000000000b052       0x8e contiki-ng-sky.a(dimmer-dqn.o)
                0x000000000000b052                dimmer_dqn_select_n_worst_nodes
 .text.dimmer_dqn_update_one_hot
                0x000000000000b0e0       0x32 contiki-ng-sky.a(dimmer-dqn.o)
                0x000000000000b0e0                dimmer_dqn_update_one_hot
 .text.dimmer_dqn_update_historical_values
                0x000000000000b112       0x34 contiki-ng-sky.a(dimmer-dqn.o)
                0x000000000000b112                dimmer_dqn_update_historical_values
 .text.dimmer_exp3_init
                0x000000000000b146       0x7a contiki-ng-sky.a(dimmer-exp3.o)
                0x000000000000b146                dimmer_exp3_init
 .text.dimmer_exp3_run
                0x000000000000b1c0      0x142 contiki-ng-sky.a(dimmer-exp3.o)
                0x000000000000b1c0                dimmer_exp3_run
 .text.dimmer_exp3_update
                0x000000000000b302       0xd6 contiki-ng-sky.a(dimmer-exp3.o)
                0x000000000000b302                dimmer_exp3_update
 .text.dimmer_exp3_compute_reward
                0x000000000000b3d8       0x72 contiki-ng-sky.a(dimmer-exp3.o)
                0x000000000000b3d8                dimmer_exp3_compute_reward
 .text.dimmer_exp3_optimize
                0x000000000000b44a      0x1e0 contiki-ng-sky.a(dimmer-exp3.o)
                0x000000000000b44a                dimmer_exp3_optimize
 .text.memb_init
                0x000000000000b62a       0x36 contiki-ng-sky.a(memb.o)
                0x000000000000b62a                memb_init
 .text.memb_alloc
                0x000000000000b660       0x3e contiki-ng-sky.a(memb.o)
                0x000000000000b660                memb_alloc
 .text.memb_free
                0x000000000000b69e       0x3a contiki-ng-sky.a(memb.o)
                0x000000000000b69e                memb_free
 .text.__ieee754_expf
                0x000000000000b6d8      0x334 /usr/local/Cellar/gcc-msp430/4.7.0-20120911_2/lib/gcc/msp430/4.7.0/../../../../msp430/lib/mmpy-16/libm.a(ef_exp.o)
                0x000000000000b6d8                __ieee754_expf
 .text.expf     0x000000000000ba0c        0x6 /usr/local/Cellar/gcc-msp430/4.7.0-20120911_2/lib/gcc/msp430/4.7.0/../../../../msp430/lib/mmpy-16/libm.a(ef_exp.o)
                0x000000000000ba0c                expf
 .text.libgcc   0x000000000000ba12       0x2c /usr/local/Cellar/gcc-msp430/4.7.0-20120911_2/lib/gcc/msp430/4.7.0/mmpy-16/libgcc.a(_mulsi3.o)
                0x000000000000ba12                __mulsi3
 .text.libgcc   0x000000000000ba3e       0x76 /usr/local/Cellar/gcc-msp430/4.7.0-20120911_2/lib/gcc/msp430/4.7.0/mmpy-16/libgcc.a(_muldi3.o)
                0x000000000000ba3e                __muldi3
                0x000000000000ba74                __xabi_muldi3
 .text.libgcc   0x000000000000bab4       0x22 /usr/local/Cellar/gcc-msp430/4.7.0-20120911_2/lib/gcc/msp430/4.7.0/mmpy-16/libgcc.a(_udivmod16.o)
                0x000000000000bab4                __udivhi3
                0x000000000000bab4                __ext_udivmod16
                0x000000000000bace                __umodhi3
 .text.libgcc   0x000000000000bad6       0x3a /usr/local/Cellar/gcc-msp430/4.7.0-20120911_2/lib/gcc/msp430/4.7.0/mmpy-16/libgcc.a(_divmod16.o)
                0x000000000000bad6                __ext_divmod16
                0x000000000000bad6                __divhi3
                0x000000000000bb08                __modhi3
 .text.libgcc   0x000000000000bb10       0x40 /usr/local/Cellar/gcc-msp430/4.7.0-20120911_2/lib/gcc/msp430/4.7.0/mmpy-16/libgcc.a(_udivmod32.o)
                0x000000000000bb10                __udivsi3
                0x000000000000bb10                __ext_udivmod32
                0x000000000000bb46                __umodsi3
 .text.libgcc   0x000000000000bb50       0x4c /usr/local/Cellar/gcc-msp430/4.7.0-20120911_2/lib/gcc/msp430/4.7.0/mmpy-16/libgcc.a(_divmod32.o)
                0x000000000000bb50                __ext_divmod32
                0x000000000000bb50                __divsi3
                0x000000000000bb92                __modsi3
 .text.libgcc   0x000000000000bb9c       0xf0 /usr/local/Cellar/gcc-msp430/4.7.0-20120911_2/lib/gcc/msp430/4.7.0/mmpy-16/libgcc.a(_udivmod64.o)
                0x000000000000bb9c                __xabi_udivmod64
                0x000000000000bbfa                __udivdi3
                0x000000000000bc20                __umoddi3
                0x000000000000bc4e                __udivmoddi4
 .text          0x000000000000bc8c      0x308 /usr/local/Cellar/gcc-msp430/4.7.0-20120911_2/lib/gcc/msp430/4.7.0/mmpy-16/libgcc.a(_addsub_sf.o)
                0x000000000000bef8                __addsf3
                0x000000000000bf44                __subsf3
 .text          0x000000000000bf94      0x204 /usr/local/Cellar/gcc-msp430/4.7.0-20120911_2/lib/gcc/msp430/4.7.0/mmpy-16/libgcc.a(_mul_sf.o)
                0x000000000000bf94                __mulsf3
 .text          0x000000000000c198      0x148 /usr/local/Cellar/gcc-msp430/4.7.0-20120911_2/lib/gcc/msp430/4.7.0/mmpy-16/libgcc.a(_div_sf.o)
                0x000000000000c198                __divsf3
 .text          0x000000000000c2e0       0x4e /usr/local/Cellar/gcc-msp430/4.7.0-20120911_2/lib/gcc/msp430/4.7.0/mmpy-16/libgcc.a(_gt_sf.o)
                0x000000000000c2e0                __gtsf2
 .text          0x000000000000c32e       0x4e /usr/local/Cellar/gcc-msp430/4.7.0-20120911_2/lib/gcc/msp430/4.7.0/mmpy-16/libgcc.a(_lt_sf.o)
                0x000000000000c32e                __ltsf2
 .text          0x000000000000c37c       0x4e /usr/local/Cellar/gcc-msp430/4.7.0-20120911_2/lib/gcc/msp430/4.7.0/mmpy-16/libgcc.a(_le_sf.o)
                0x000000000000c37c                __lesf2
 .text          0x000000000000c3ca       0xa8 /usr/local/Cellar/gcc-msp430/4.7.0-20120911_2/lib/gcc/msp430/4.7.0/mmpy-16/libgcc.a(_si_to_sf.o)
                0x000000000000c3ca                __floatsisf
 .text          0x000000000000c472       0x8c /usr/local/Cellar/gcc-msp430/4.7.0-20120911_2/lib/gcc/msp430/4.7.0/mmpy-16/libgcc.a(_sf_to_si.o)
                0x000000000000c472                __fixsfsi
 .text          0x000000000000c4fe       0x72 /usr/local/Cellar/gcc-msp430/4.7.0-20120911_2/lib/gcc/msp430/4.7.0/mmpy-16/libgcc.a(_clzsi2.o)
                0x000000000000c4fe                __clzsi2
 .text          0x000000000000c570      0x1da /usr/local/Cellar/gcc-msp430/4.7.0-20120911_2/lib/gcc/msp430/4.7.0/mmpy-16/libgcc.a(_pack_sf.o)
                0x000000000000c570                __pack_f
 .text          0x000000000000c74a      0x13c /usr/local/Cellar/gcc-msp430/4.7.0-20120911_2/lib/gcc/msp430/4.7.0/mmpy-16/libgcc.a(_unpack_sf.o)
                0x000000000000c74a                __unpack_f
 .text          0x000000000000c886       0xa4 /usr/local/Cellar/gcc-msp430/4.7.0-20120911_2/lib/gcc/msp430/4.7.0/mmpy-16/libgcc.a(_fpcmp_parts_sf.o)
                0x000000000000c886                __fpcmp_parts_f
 .text.atoi     0x000000000000c92a       0x8a /usr/local/Cellar/gcc-msp430/4.7.0-20120911_2/lib/gcc/msp430/4.7.0/../../../../msp430/lib/mmpy-16/libc.a(atoi.o)
                0x000000000000c92a                atoi
 .text.printf   0x000000000000c9b4       0x10 /usr/local/Cellar/gcc-msp430/4.7.0-20120911_2/lib/gcc/msp430/4.7.0/../../../../msp430/lib/mmpy-16/libc.a(printf.o)
                0x000000000000c9b4                printf
 .text.append   0x000000000000c9c4       0x22 /usr/local/Cellar/gcc-msp430/4.7.0-20120911_2/lib/gcc/msp430/4.7.0/../../../../msp430/lib/mmpy-16/libc.a(sprintf.o)
 .text.call_vuprintf
                0x000000000000c9e6       0x3a /usr/local/Cellar/gcc-msp430/4.7.0-20120911_2/lib/gcc/msp430/4.7.0/../../../../msp430/lib/mmpy-16/libc.a(sprintf.o)
 .text.snprintf
                0x000000000000ca20       0x1a /usr/local/Cellar/gcc-msp430/4.7.0-20120911_2/lib/gcc/msp430/4.7.0/../../../../msp430/lib/mmpy-16/libc.a(sprintf.o)
                0x000000000000ca20                snprintf
 .text.print_field
                0x000000000000ca3a      0x194 /usr/local/Cellar/gcc-msp430/4.7.0-20120911_2/lib/gcc/msp430/4.7.0/../../../../msp430/lib/mmpy-16/libc.a(vuprintf.o)
 .text.vuprintf
                0x000000000000cbce      0x63c /usr/local/Cellar/gcc-msp430/4.7.0-20120911_2/lib/gcc/msp430/4.7.0/../../../../msp430/lib/mmpy-16/libc.a(vuprintf.o)
                0x000000000000cbce                vuprintf
 .text.puts     0x000000000000d20a       0x2c /usr/local/Cellar/gcc-msp430/4.7.0-20120911_2/lib/gcc/msp430/4.7.0/../../../../msp430/lib/mmpy-16/libc.a(puts.o)
                0x000000000000d20a                puts
 .text.rand     0x000000000000d236       0x26 /usr/local/Cellar/gcc-msp430/4.7.0-20120911_2/lib/gcc/msp430/4.7.0/../../../../msp430/lib/mmpy-16/libc.a(rand.o)
                0x000000000000d236                rand
 .text.srand    0x000000000000d25c        0xa /usr/local/Cellar/gcc-msp430/4.7.0-20120911_2/lib/gcc/msp430/4.7.0/../../../../msp430/lib/mmpy-16/libc.a(rand.o)
                0x000000000000d25c                srand
 .text.strcpy   0x000000000000d266       0x14 /usr/local/Cellar/gcc-msp430/4.7.0-20120911_2/lib/gcc/msp430/4.7.0/../../../../msp430/lib/mmpy-16/libc.a(strcpy.o)
                0x000000000000d266                strcpy
 .text.memcpy   0x000000000000d27a       0xfa /usr/local/Cellar/gcc-msp430/4.7.0-20120911_2/lib/gcc/msp430/4.7.0/../../../../msp430/lib/mmpy-16/libc.a(memcpy.o)
                0x000000000000d27a                memcpy
 .text.memset   0x000000000000d374       0x6a /usr/local/Cellar/gcc-msp430/4.7.0-20120911_2/lib/gcc/msp430/4.7.0/../../../../msp430/lib/mmpy-16/libc.a(memset.o)
                0x000000000000d374                memset
 .text.crt0     0x000000000000d3de        0x2 /usr/local/Cellar/gcc-msp430/4.7.0-20120911_2/lib/gcc/msp430/4.7.0/mmpy-16/libcrt0.a(_unexpected_.o)
                0x000000000000d3de                _unexpected_
 *(.near.text .near.text.*)

.rodata         0x000000000000d500      0x807
                0x000000000000d500                . = ALIGN (0x2)
 *(.rodata .rodata.* .gnu.linkonce.r.*)
 .rodata        0x000000000000d500       0xd4 dimmer-dcube.o
                0x000000000000d5a4                autostart_processes
 .rodata        0x000000000000d5d4       0x55 obj_sky/contiki-main.o
 *fill*         0x000000000000d629        0x3 00
 .rodata.get_value
                0x000000000000d62c       0x24 contiki-ng-sky.a(cc2420.o)
 .rodata.set_value
                0x000000000000d650       0x10 contiki-ng-sky.a(cc2420.o)
 .rodata        0x000000000000d660       0x3e contiki-ng-sky.a(cc2420.o)
                0x000000000000d660                cc2420_aes_128_driver
                0x000000000000d664                cc2420_driver
 .rodata        0x000000000000d69e       0x45 contiki-ng-sky.a(platform.o)
 .rodata        0x000000000000d6e3       0xb4 contiki-ng-sky.a(lwb-stream.o)
 *fill*         0x000000000000d797        0x1 00
 .rodata        0x000000000000d798       0x5a contiki-ng-sky.a(lwb.o)
 .rodata        0x000000000000d7f2       0x62 contiki-ng-sky.a(dimmer-testbed.)
                0x000000000000d7f2                mapping
 .rodata        0x000000000000d854       0x82 contiki-ng-sky.a(dimmer.o)
 .rodata        0x000000000000d8d6        0xf contiki-ng-sky.a(ctimer.o)
 .rodata        0x000000000000d8e5        0xc contiki-ng-sky.a(etimer.o)
 *fill*         0x000000000000d8f1        0x1 00
 .rodata        0x000000000000d8f2       0x96 contiki-ng-sky.a(log.o)
 .rodata        0x000000000000d988       0xbd contiki-ng-sky.a(debug-print.o)
 .rodata        0x000000000000da45        0xe contiki-ng-sky.a(serial-line.o)
 *fill*         0x000000000000da53        0x1 00
 .rodata        0x000000000000da54        0x8 contiki-ng-sky.a(linkaddr.o)
                0x000000000000da54                linkaddr_null
 .rodata        0x000000000000da5c       0x14 contiki-ng-sky.a(nullmac.o)
                0x000000000000da64                nullmac_driver
 .rodata        0x000000000000da70       0x10 contiki-ng-sky.a(nullnet.o)
                0x000000000000da78                nullnet_driver
 .rodata        0x000000000000da80       0x10 contiki-ng-sky.a(button-sensor.o)
                0x000000000000da88                button_sensor
 .rodata        0x000000000000da90        0x8 contiki-ng-sky.a(sensors.o)
 .rodata        0x000000000000da98      0x111 contiki-ng-sky.a(lwb-sched-min-e)
 .rodata        0x000000000000dba9       0x2c contiki-ng-sky.a(dimmer-dqn.o)
 .rodata        0x000000000000dbd5        0xa contiki-ng-sky.a(dimmer-exp3.o)
 *fill*         0x000000000000dbdf        0x1 00
 .rodata.ln2HI  0x000000000000dbe0        0x8 /usr/local/Cellar/gcc-msp430/4.7.0-20120911_2/lib/gcc/msp430/4.7.0/../../../../msp430/lib/mmpy-16/libm.a(ef_exp.o)
 .rodata.ln2LO  0x000000000000dbe8        0x8 /usr/local/Cellar/gcc-msp430/4.7.0-20120911_2/lib/gcc/msp430/4.7.0/../../../../msp430/lib/mmpy-16/libm.a(ef_exp.o)
 .rodata.halF   0x000000000000dbf0        0x8 /usr/local/Cellar/gcc-msp430/4.7.0-20120911_2/lib/gcc/msp430/4.7.0/../../../../msp430/lib/mmpy-16/libm.a(ef_exp.o)
 .rodata        0x000000000000dbf8        0x8 /usr/local/Cellar/gcc-msp430/4.7.0-20120911_2/lib/gcc/msp430/4.7.0/mmpy-16/libgcc.a(_thenan_sf.o)
                0x000000000000dbf8                __thenan_sf
 .rodata        0x000000000000dc00      0x100 /usr/local/Cellar/gcc-msp430/4.7.0-20120911_2/lib/gcc/msp430/4.7.0/mmpy-16/libgcc.a(_clz.o)
                0x000000000000dc00                __clz_tab
 .rodata.vuprintf
                0x000000000000dd00        0x7 /usr/local/Cellar/gcc-msp430/4.7.0-20120911_2/lib/gcc/msp430/4.7.0/../../../../msp430/lib/mmpy-16/libc.a(vuprintf.o)
 *(.near.rodata .near.rodata.*)
                0x000000000000dd08                . = ALIGN (0x2)
                0x000000000000dd08                _etext = .

.data           0x0000000000001100      0x934 load address 0x000000000000dd08
                0x0000000000001100                . = ALIGN (0x2)
                0x0000000000001100                __data_start = .
 *(.data .data.* .gnu.linkonce.d.*)
 .data          0x0000000000001100       0x14 dimmer-dcube.o
                0x0000000000001100                graz_i2c_process
                0x000000000000110a                lwb_application_process
 .data          0x0000000000001114        0xc contiki-ng-sky.a(cc2420.o)
                0x0000000000001114                cc2420_process
 .data          0x0000000000001120        0x2 contiki-ng-sky.a(msp430.o)
 .data          0x0000000000001122       0x1e contiki-ng-sky.a(lwb.o)
 .data          0x0000000000001140      0x85e contiki-ng-sky.a(dimmer.o)
                0x0000000000001140                dimmer_serial_line_process
                0x000000000000114a                dimmer_controller_process
 .data          0x000000000000199e        0xa contiki-ng-sky.a(ctimer.o)
                0x000000000000199e                ctimer_process
 .data          0x00000000000019a8        0xa contiki-ng-sky.a(etimer.o)
                0x00000000000019a8                etimer_process
 .data          0x00000000000019b2       0x4a contiki-ng-sky.a(log.o)
                0x00000000000019b2                all_modules
                0x00000000000019fa                curr_log_level_main
 .data          0x00000000000019fc       0x14 contiki-ng-sky.a(debug-print.o)
                0x00000000000019fc                debug_print_process
                0x0000000000001a06                debug_print_lvl_to_string
 .data          0x0000000000001a10        0xa contiki-ng-sky.a(serial-line.o)
                0x0000000000001a10                serial_line_process
 .data          0x0000000000001a1a        0x4 contiki-ng-sky.a(contiki-sky-pla)
                0x0000000000001a1a                sensors
 .data          0x0000000000001a1e        0xa contiki-ng-sky.a(sensors.o)
                0x0000000000001a1e                sensors_process
 .data          0x0000000000001a28        0x8 contiki-ng-sky.a(lwb-sched-min-e)
 .data.next     0x0000000000001a30        0x4 /usr/local/Cellar/gcc-msp430/4.7.0-20120911_2/lib/gcc/msp430/4.7.0/../../../../msp430/lib/mmpy-16/libc.a(rand.o)
 *(.near.data .near.data.*)
                0x0000000000001a34                . = ALIGN (0x2)
                0x0000000000001a34                _edata = .
                0x000000000000dd08                __data_load_start = LOADADDR (.data)
                0x0000000000000934                __data_size = SIZEOF (.data)

.bss            0x0000000000001a34     0x1064 load address 0x000000000000e63c
                0x0000000000001a34                __bss_start = .
 *(.bss .bss.*)
 .bss           0x0000000000001a34      0x242 dimmer-dcube.o
 .bss           0x0000000000001c76       0x28 obj_sky/rtimer-ext.o
 .bss           0x0000000000001c9e       0xd0 obj_sky/glossy.o
 .bss           0x0000000000001d6e        0x2 contiki-ng-sky.a(node-id.o)
                0x0000000000001d6e                node_id
 .bss           0x0000000000001d70        0xa contiki-ng-sky.a(cc2420.o)
 .bss           0x0000000000001d7a        0x8 contiki-ng-sky.a(platform.o)
 .bss           0x0000000000001d82        0x2 contiki-ng-sky.a(watchdog.o)
 .bss           0x0000000000001d84       0x24 contiki-ng-sky.a(lwb-stream.o)
                0x0000000000001d84                lwb_joined_streams_cnt
                0x0000000000001d86                lwb_pending_requests
 .bss           0x0000000000001da8      0x222 contiki-ng-sky.a(lwb.o)
 .bss           0x0000000000001fca        0x2 contiki-ng-sky.a(dimmer-testbed.)
                0x0000000000001fca                mapped_node_id
 .bss           0x0000000000001fcc      0x164 contiki-ng-sky.a(dimmer.o)
 .bss           0x0000000000002130        0x4 contiki-ng-sky.a(ctimer.o)
 .bss           0x0000000000002134        0x6 contiki-ng-sky.a(etimer.o)
 .bss           0x000000000000213a       0x14 contiki-ng-sky.a(log.o)
                0x000000000000213a                curr_log_level_lwm2m
                0x000000000000213c                curr_log_level_coap
                0x000000000000213e                curr_log_level_6top
                0x0000000000002140                curr_log_level_framer
                0x0000000000002142                curr_log_level_mac
                0x0000000000002144                curr_log_level_nullnet
                0x0000000000002146                curr_log_level_6lowpan
                0x0000000000002148                curr_log_level_ipv6
                0x000000000000214a                curr_log_level_tcpip
                0x000000000000214c                curr_log_level_rpl
 .bss           0x000000000000214e       0xc8 contiki-ng-sky.a(process.o)
                0x000000000000214e                process_current
                0x0000000000002150                process_list
 .bss           0x0000000000002216        0x2 contiki-ng-sky.a(rtimer.o)
 .bss           0x0000000000002218      0x20a contiki-ng-sky.a(debug-print.o)
 .bss           0x0000000000002422        0x4 contiki-ng-sky.a(my2c.o)
 .bss           0x0000000000002426      0x10a contiki-ng-sky.a(serial-line.o)
 .bss           0x0000000000002530       0x86 contiki-ng-sky.a(packetbuf.o)
 .bss           0x00000000000025b6        0x2 contiki-ng-sky.a(nullnet.o)
 .bss           0x00000000000025b8        0x8 contiki-ng-sky.a(button-sensor.o)
 .bss           0x00000000000025c0        0x6 contiki-ng-sky.a(sensors.o)
 .bss           0x00000000000025c6       0x9a contiki-ng-sky.a(uart1.o)
 .bss           0x0000000000002660      0x1e6 contiki-ng-sky.a(lwb-sched-min-e)
 .bss           0x0000000000002846      0x12a contiki-ng-sky.a(dimmer-dqn.o)
 .bss.destination_
                0x0000000000002970        0x2 /usr/local/Cellar/gcc-msp430/4.7.0-20120911_2/lib/gcc/msp430/4.7.0/../../../../msp430/lib/mmpy-16/libc.a(sprintf.o)
 .bss.available_
                0x0000000000002972        0x2 /usr/local/Cellar/gcc-msp430/4.7.0-20120911_2/lib/gcc/msp430/4.7.0/../../../../msp430/lib/mmpy-16/libc.a(sprintf.o)
 *(.near.bss .near.bss.*)
 *(COMMON)
 COMMON         0x0000000000002974       0x10 obj_sky/rtimer-ext.o
                0x0000000000002974                ta1_sw_ext
                0x000000000000297c                tb0_sw_ext
 COMMON         0x0000000000002984       0x10 contiki-ng-sky.a(cc2420.o)
                0x0000000000002984                cc2420_last_rssi
                0x0000000000002986                cc2420_sfd_start_time
                0x0000000000002988                cc2420_time_of_departure
                0x000000000000298a                cc2420_time_of_arrival
                0x000000000000298c                cc2420_last_correlation
                0x000000000000298e                cc2420_authority_level_of_sender
                0x0000000000002990                cc2420_sfd_counter
                0x0000000000002992                cc2420_sfd_end_time
 COMMON         0x0000000000002994        0x2 contiki-ng-sky.a(msp430.o)
                0x0000000000002994                msp430_dco_required
 COMMON         0x0000000000002996       0x22 contiki-ng-sky.a(dc-stat.o)
                0x0000000000002996                dc_stat_starttime_cpu
                0x0000000000002998                dc_stat_starttime_rf_tx
                0x000000000000299a                dc_stat_isr
                0x000000000000299c                dc_stat_resettime
                0x00000000000029a4                dc_stat_sum_cpu
                0x00000000000029a8                dc_stat_sum_rf_tx
                0x00000000000029ac                dc_stat_sum_rf_rx
                0x00000000000029b0                dc_stat_starttime_rf_rx
                0x00000000000029b2                dc_stat_starttime_rf
                0x00000000000029b4                dc_stat_sum_rf
 COMMON         0x00000000000029b8       0x38 contiki-ng-sky.a(energest.o)
                0x00000000000029b8                energest_total_time
                0x00000000000029e0                energest_current_mode
                0x00000000000029e6                energest_current_time
 COMMON         0x00000000000029f0       0x64 contiki-ng-sky.a(debug-print.o)
                0x00000000000029f0                debug_print_buffer
 COMMON         0x0000000000002a54        0x1 contiki-ng-sky.a(serial-line.o)
                0x0000000000002a54                serial_line_event_message
 *fill*         0x0000000000002a55        0x1 00
 COMMON         0x0000000000002a56        0x8 contiki-ng-sky.a(linkaddr.o)
                0x0000000000002a56                linkaddr_node_addr
 COMMON         0x0000000000002a5e       0x2a contiki-ng-sky.a(packetbuf.o)
                0x0000000000002a5e                packetbuf_addrs
                0x0000000000002a6e                packetbuf_attrs
 COMMON         0x0000000000002a88        0x4 contiki-ng-sky.a(nullnet.o)
                0x0000000000002a88                nullnet_buf
                0x0000000000002a8a                nullnet_len
 COMMON         0x0000000000002a8c        0x2 contiki-ng-sky.a(contiki-sky-pla)
                0x0000000000002a8c                sensors_flags
 COMMON         0x0000000000002a8e        0x8 contiki-ng-sky.a(ds2411.o)
                0x0000000000002a8e                ds2411_id
 COMMON         0x0000000000002a96        0x1 contiki-ng-sky.a(sensors.o)
                0x0000000000002a96                sensors_event
                0x0000000000002a98                . = ALIGN (0x2)
 *fill*         0x0000000000002a97        0x1 00
                0x0000000000002a98                __bss_end = .
                0x0000000000001064                __bss_size = SIZEOF (.bss)

.noinit         0x0000000000002a98        0x2 load address 0x000000000000e63c
                0x0000000000002a98                . = ALIGN (0x2)
                0x0000000000002a98                __noinit_start = .
 *(.noinit .noinit.*)
 .noinit.crt0   0x0000000000002a98        0x2 /usr/local/Cellar/gcc-msp430/4.7.0-20120911_2/lib/gcc/msp430/4.7.0/mmpy-16/libcrt0.a(__watchdog_support.o)
                0x0000000000002a98                __wdt_clear_value
                0x0000000000002a9a                . = ALIGN (0x2)
                0x0000000000002a9a                __noinit_end = .
                0x0000000000002a9a                . = ALIGN (0x2)
                0x0000000000002a9a                _end = .

.infomem        0x0000000000001000        0x0
                0x0000000000001000                . = ALIGN (0x2)
 *(.infomem .infomem.*)

.infomemnobits  0x0000000000001000        0x0
                0x0000000000001000                . = ALIGN (0x2)
 *(.infomemnobits .infomemnobits.*)

.infoa          0x0000000000001080        0x0
                0x0000000000001080                . = ALIGN (0x2)
 *(.infoa .infoa.*)

.infob          0x0000000000001000        0x0
                0x0000000000001000                . = ALIGN (0x2)
 *(.infob .infob.*)

.infoc          0x0000000000000000        0x0
                0x0000000000000000                . = ALIGN (0x2)
 *(.infoc .infoc.*)

.infod          0x0000000000000000        0x0
                0x0000000000000000                . = ALIGN (0x2)
 *(.infod .infod.*)
                0x000000000000ffff                PROVIDE (__vte_0, 0xffff)
                0x000000000000ffff                PROVIDE (__vte_1, 0xffff)
                0x000000000000ffff                PROVIDE (__vte_2, 0xffff)
                0x000000000000ffff                PROVIDE (__vte_3, 0xffff)
                0x000000000000ffff                PROVIDE (__vte_4, 0xffff)
                0x000000000000ffff                PROVIDE (__vte_5, 0xffff)
                0x000000000000ffff                PROVIDE (__vte_6, 0xffff)
                0x000000000000ffff                PROVIDE (__vte_7, 0xffff)
                0x000000000000ffff                PROVIDE (__vte_8, 0xffff)
                0x000000000000ffff                PROVIDE (__vte_9, 0xffff)
                0x000000000000ffff                PROVIDE (__vte_10, 0xffff)
                0x000000000000ffff                PROVIDE (__vte_11, 0xffff)
                0x000000000000ffff                PROVIDE (__vte_12, 0xffff)
                0x000000000000ffff                PROVIDE (__vte_13, 0xffff)
                0x000000000000ffff                PROVIDE (__vte_14, 0xffff)
                0x000000000000ffff                PROVIDE (__vte_15, 0xffff)
                0x000000000000ffff                PROVIDE (__vte_16, 0xffff)
                0x000000000000ffff                PROVIDE (__vte_17, 0xffff)
                0x000000000000ffff                PROVIDE (__vte_18, 0xffff)
                0x000000000000ffff                PROVIDE (__vte_19, 0xffff)
                0x000000000000ffff                PROVIDE (__vte_20, 0xffff)
                0x000000000000ffff                PROVIDE (__vte_21, 0xffff)
                0x000000000000ffff                PROVIDE (__vte_22, 0xffff)
                0x000000000000ffff                PROVIDE (__vte_23, 0xffff)
                0x000000000000ffff                PROVIDE (__vte_24, 0xffff)
                0x000000000000ffff                PROVIDE (__vte_25, 0xffff)
                0x000000000000ffff                PROVIDE (__vte_26, 0xffff)
                0x000000000000ffff                PROVIDE (__vte_27, 0xffff)
                0x000000000000ffff                PROVIDE (__vte_28, 0xffff)
                0x000000000000ffff                PROVIDE (__vte_29, 0xffff)
                0x000000000000ffff                PROVIDE (__vte_30, 0xffff)
                0x000000000000ffff                PROVIDE (__vte_31, 0xffff)

.vectors        0x000000000000ffe0       0x20
                0x000000000000ffe0                __vectors_start = .
 *(.vectors*)
 .vectors       0x000000000000ffe0       0x20 /usr/local/Cellar/gcc-msp430/4.7.0-20120911_2/lib/gcc/msp430/4.7.0/mmpy-16/crt0ivtbl16.o
                0x000000000000ffe0                __ivtbl_16
                0x0000000000010000                _vectors_end = .

.fartext        0x0000000000000000        0x0
                0x0000000000000000                . = ALIGN (0x2)
 *(.fartext .fartext.*)

.far.text       0x0000000000000000        0x0
                0x0000000000000000                . = ALIGN (0x2)
 *(.far.text .far.text.*)

.far.rodata     0x0000000000000000        0x0
                0x0000000000000000                . = ALIGN (0x2)
 *(.far.rodata .far.rodata.*)
                0x0000000000000000                . = ALIGN (0x2)
                0x0000000000000000                _efartext = .

.far.data       0x0000000000000000        0x0
                0x0000000000000000                . = ALIGN (0x2)
                0x0000000000000000                __far_data_start = .
 *(.far.data .far.data.*)
                0x0000000000000000                . = ALIGN (0x2)
                0x0000000000000000                _efardata = .
                0x0000000000000000                __far_data_load_start = LOADADDR (.far.data)
                0x0000000000000000                __far_data_size = SIZEOF (.far.data)

.far.bss        0x0000000000000000        0x0
                0x0000000000000000                . = ALIGN (0x2)
                0x0000000000000000                __far_bss_start = .
 *(.far.bss .far.bss.*)
                0x0000000000000000                . = ALIGN (0x2)
                0x0000000000000000                __far_bss_end = .
                0x0000000000000000                __far_bss_size = SIZEOF (.far.bss)
                0x0000000000000000                . = ALIGN (0x2)
                0x0000000000000000                _far_end = .

.profiler
 *(.profiler)

.stab           0x0000000000000000    0x1afc4
 *(.stab)
 .stab          0x0000000000000000     0x12d8 dimmer-dcube.o
 .stab          0x00000000000012d8      0xfd8 obj_sky/rtimer-ext.o
                                       0x135c (size before relaxing)
 .stab          0x00000000000022b0     0x1f44 obj_sky/glossy.o
                                       0x2598 (size before relaxing)
 .stab          0x00000000000041f4      0xf48 obj_sky/contiki-main.o
                                       0x1470 (size before relaxing)
 .stab          0x000000000000513c      0x318 contiki-ng-sky.a(node-id.o)
                                        0x63c (size before relaxing)
 .stab          0x0000000000005454     0x2958 contiki-ng-sky.a(cc2420.o)
                                       0x2fe8 (size before relaxing)
 .stab          0x0000000000007dac      0x3e4 contiki-ng-sky.a(cc2420-arch.o)
                                       0x1038 (size before relaxing)
 .stab          0x0000000000008190      0x228 contiki-ng-sky.a(uart1-putchar.o)
                                        0x6fc (size before relaxing)
 .stab          0x00000000000083b8      0x96c contiki-ng-sky.a(platform.o)
                                       0x1104 (size before relaxing)
 .stab          0x0000000000008d24      0x750 contiki-ng-sky.a(msp430.o)
                                        0xa74 (size before relaxing)
 .stab          0x0000000000009474      0x468 contiki-ng-sky.a(leds.o)
                                        0x81c (size before relaxing)
 .stab          0x00000000000098dc      0x384 contiki-ng-sky.a(leds-arch.o)
                                        0x738 (size before relaxing)
 .stab          0x0000000000009c60      0x39c contiki-ng-sky.a(watchdog.o)
                                        0x6c0 (size before relaxing)
 .stab          0x0000000000009ffc      0x378 contiki-ng-sky.a(rtimer-arch.o)
                                        0x69c (size before relaxing)
 .stab          0x000000000000a374      0x7e0 contiki-ng-sky.a(lwb-stream.o)
                                        0xdf8 (size before relaxing)
 .stab          0x000000000000ab54     0x1d4c contiki-ng-sky.a(lwb.o)
                                       0x23c4 (size before relaxing)
 .stab          0x000000000000c8a0      0x2ac contiki-ng-sky.a(dimmer-testbed.)
                                        0x7a4 (size before relaxing)
 .stab          0x000000000000cb4c     0x1068 contiki-ng-sky.a(dimmer.o)
                                       0x1710 (size before relaxing)
 .stab          0x000000000000dbb4      0x2ac contiki-ng-sky.a(autostart.o)
                                        0x5d0 (size before relaxing)
 .stab          0x000000000000de60      0x804 contiki-ng-sky.a(ctimer.o)
                                        0xb40 (size before relaxing)
 .stab          0x000000000000e664      0x234 contiki-ng-sky.a(dc-stat.o)
                                        0x5d0 (size before relaxing)
 .stab          0x000000000000e898      0x3d8 contiki-ng-sky.a(energest.o)
                                        0x720 (size before relaxing)
 .stab          0x000000000000ec70      0xa98 contiki-ng-sky.a(etimer.o)
                                        0xdbc (size before relaxing)
 .stab          0x000000000000f708      0x858 contiki-ng-sky.a(log.o)
                                        0xdf8 (size before relaxing)
 .stab          0x000000000000ff60      0xb88 contiki-ng-sky.a(process.o)
                                       0x1098 (size before relaxing)
 .stab          0x0000000000010ae8      0x348 contiki-ng-sky.a(rtimer.o)
                                        0x66c (size before relaxing)
 .stab          0x0000000000010e30      0x39c contiki-ng-sky.a(timer.o)
                                        0x6c0 (size before relaxing)
 .stab          0x00000000000111cc      0x8ac contiki-ng-sky.a(debug-print.o)
                                        0xe1c (size before relaxing)
 .stab          0x0000000000011a78      0x6fc contiki-ng-sky.a(my2c.o)
                                        0xc9c (size before relaxing)
 .stab          0x0000000000012174      0x51c contiki-ng-sky.a(serial-line.o)
                                        0x9f0 (size before relaxing)
 .stab          0x0000000000012690      0x8ac contiki-ng-sky.a(list.o)
                                        0xd98 (size before relaxing)
 .stab          0x0000000000012f3c      0x288 contiki-ng-sky.a(random.o)
                                        0x774 (size before relaxing)
 .stab          0x00000000000131c4      0x450 contiki-ng-sky.a(ringbuf.o)
                                        0x78c (size before relaxing)
 .stab          0x0000000000013614      0x30c contiki-ng-sky.a(linkaddr.o)
                                        0x804 (size before relaxing)
 .stab          0x0000000000013920      0x4a4 contiki-ng-sky.a(netstack.o)
                                        0x8b8 (size before relaxing)
 .stab          0x0000000000013dc4      0xbf4 contiki-ng-sky.a(packetbuf.o)
                                       0x189c (size before relaxing)
 .stab          0x00000000000149b8      0x7bc contiki-ng-sky.a(nullmac.o)
                                        0xce4 (size before relaxing)
 .stab          0x0000000000015174      0x744 contiki-ng-sky.a(nullnet.o)
                                        0xdc8 (size before relaxing)
 .stab          0x00000000000158b8      0x240 contiki-ng-sky.a(contiki-sky-pla)
                                        0x564 (size before relaxing)
 .stab          0x0000000000015af8      0x390 contiki-ng-sky.a(button-sensor.o)
                                        0x6cc (size before relaxing)
 .stab          0x0000000000015e88      0x258 contiki-ng-sky.a(spi-legacy.o)
                                        0x57c (size before relaxing)
 .stab          0x00000000000160e0      0x600 contiki-ng-sky.a(ds2411.o)
                                        0xaec (size before relaxing)
 .stab          0x00000000000166e0      0x990 contiki-ng-sky.a(xmem.o)
                                        0xe88 (size before relaxing)
 .stab          0x0000000000017070      0x684 contiki-ng-sky.a(sensors.o)
                                        0xb70 (size before relaxing)
 .stab          0x00000000000176f4      0x5d0 contiki-ng-sky.a(uart1.o)
                                        0x90c (size before relaxing)
 .stab          0x0000000000017cc4      0x900 contiki-ng-sky.a(lwb-sched-compr)
                                        0xee8 (size before relaxing)
 .stab          0x00000000000185c4     0x10ec contiki-ng-sky.a(lwb-sched-min-e)
                                       0x15a8 (size before relaxing)
 .stab          0x00000000000196b0      0x9cc contiki-ng-sky.a(dimmer-dqn.o)
                                        0xf3c (size before relaxing)
 .stab          0x000000000001a07c      0x99c contiki-ng-sky.a(dimmer-exp3.o)
                                        0xf90 (size before relaxing)
 .stab          0x000000000001aa18      0x5ac contiki-ng-sky.a(memb.o)
                                        0xab0 (size before relaxing)

.stabstr        0x0000000000000000    0x1681c
 *(.stabstr)
 .stabstr       0x0000000000000000    0x1681c dimmer-dcube.o

.stab.excl
 *(.stab.excl)

.stab.exclstr
 *(.stab.exclstr)

.stab.index
 *(.stab.index)

.stab.indexstr
 *(.stab.indexstr)

.comment        0x0000000000000000       0x30
 *(.comment)
 .comment       0x0000000000000000       0x30 dimmer-dcube.o
                                         0x31 (size before relaxing)
 .comment       0x0000000000000000       0x31 obj_sky/rtimer-ext.o
 .comment       0x0000000000000000       0x31 obj_sky/glossy.o
 .comment       0x0000000000000000       0x31 obj_sky/contiki-main.o
 .comment       0x0000000000000000       0x31 contiki-ng-sky.a(node-id.o)
 .comment       0x0000000000000000       0x31 contiki-ng-sky.a(cc2420.o)
 .comment       0x0000000000000000       0x31 contiki-ng-sky.a(cc2420-arch.o)
 .comment       0x0000000000000000       0x31 contiki-ng-sky.a(uart1-putchar.o)
 .comment       0x0000000000000000       0x31 contiki-ng-sky.a(platform.o)
 .comment       0x0000000000000000       0x31 contiki-ng-sky.a(msp430.o)
 .comment       0x0000000000000000       0x31 contiki-ng-sky.a(leds.o)
 .comment       0x0000000000000000       0x31 contiki-ng-sky.a(leds-arch.o)
 .comment       0x0000000000000000       0x31 contiki-ng-sky.a(watchdog.o)
 .comment       0x0000000000000000       0x31 contiki-ng-sky.a(rtimer-arch.o)
 .comment       0x0000000000000000       0x31 contiki-ng-sky.a(lwb-stream.o)
 .comment       0x0000000000000000       0x31 contiki-ng-sky.a(lwb.o)
 .comment       0x0000000000000000       0x31 contiki-ng-sky.a(dimmer-testbed.)
 .comment       0x0000000000000000       0x31 contiki-ng-sky.a(dimmer.o)
 .comment       0x0000000000000000       0x31 contiki-ng-sky.a(autostart.o)
 .comment       0x0000000000000000       0x31 contiki-ng-sky.a(ctimer.o)
 .comment       0x0000000000000000       0x31 contiki-ng-sky.a(dc-stat.o)
 .comment       0x0000000000000000       0x31 contiki-ng-sky.a(energest.o)
 .comment       0x0000000000000000       0x31 contiki-ng-sky.a(etimer.o)
 .comment       0x0000000000000000       0x31 contiki-ng-sky.a(log.o)
 .comment       0x0000000000000000       0x31 contiki-ng-sky.a(process.o)
 .comment       0x0000000000000000       0x31 contiki-ng-sky.a(rtimer.o)
 .comment       0x0000000000000000       0x31 contiki-ng-sky.a(timer.o)
 .comment       0x0000000000000000       0x31 contiki-ng-sky.a(debug-print.o)
 .comment       0x0000000000000000       0x31 contiki-ng-sky.a(my2c.o)
 .comment       0x0000000000000000       0x31 contiki-ng-sky.a(serial-line.o)
 .comment       0x0000000000000000       0x31 contiki-ng-sky.a(list.o)
 .comment       0x0000000000000000       0x31 contiki-ng-sky.a(random.o)
 .comment       0x0000000000000000       0x31 contiki-ng-sky.a(ringbuf.o)
 .comment       0x0000000000000000       0x31 contiki-ng-sky.a(linkaddr.o)
 .comment       0x0000000000000000       0x31 contiki-ng-sky.a(netstack.o)
 .comment       0x0000000000000000       0x31 contiki-ng-sky.a(packetbuf.o)
 .comment       0x0000000000000000       0x31 contiki-ng-sky.a(nullmac.o)
 .comment       0x0000000000000000       0x31 contiki-ng-sky.a(nullnet.o)